Component: ARM Compiler 5.05 update 1 (build 106) Tool: armlink [4d0efa]

==============================================================================

Section Cross References

    startup_stm32f103xb.o(STACK) refers (Special) to heapauxi.o(.text) for __use_two_region_memory
    startup_stm32f103xb.o(HEAP) refers (Special) to heapauxi.o(.text) for __use_two_region_memory
    startup_stm32f103xb.o(RESET) refers (Special) to heapauxi.o(.text) for __use_two_region_memory
    startup_stm32f103xb.o(RESET) refers to startup_stm32f103xb.o(STACK) for __initial_sp
    startup_stm32f103xb.o(RESET) refers to startup_stm32f103xb.o(.text) for Reset_Handler
    startup_stm32f103xb.o(RESET) refers to stm32f1xx_it.o(i.NMI_Handler) for NMI_Handler
    startup_stm32f103xb.o(RESET) refers to stm32f1xx_it.o(i.HardFault_Handler) for HardFault_Handler
    startup_stm32f103xb.o(RESET) refers to stm32f1xx_it.o(i.MemManage_Handler) for MemManage_Handler
    startup_stm32f103xb.o(RESET) refers to stm32f1xx_it.o(i.BusFault_Handler) for BusFault_Handler
    startup_stm32f103xb.o(RESET) refers to stm32f1xx_it.o(i.UsageFault_Handler) for UsageFault_Handler
    startup_stm32f103xb.o(RESET) refers to stm32f1xx_it.o(i.SVC_Handler) for SVC_Handler
    startup_stm32f103xb.o(RESET) refers to stm32f1xx_it.o(i.DebugMon_Handler) for DebugMon_Handler
    startup_stm32f103xb.o(RESET) refers to stm32f1xx_it.o(i.PendSV_Handler) for PendSV_Handler
    startup_stm32f103xb.o(RESET) refers to stm32f1xx_it.o(i.SysTick_Handler) for SysTick_Handler
    startup_stm32f103xb.o(RESET) refers to stm32f1xx_it.o(i.DMA1_Channel4_IRQHandler) for DMA1_Channel4_IRQHandler
    startup_stm32f103xb.o(RESET) refers to stm32f1xx_it.o(i.DMA1_Channel5_IRQHandler) for DMA1_Channel5_IRQHandler
    startup_stm32f103xb.o(RESET) refers to stm32f1xx_it.o(i.USART1_IRQHandler) for USART1_IRQHandler
    startup_stm32f103xb.o(.text) refers (Special) to heapauxi.o(.text) for __use_two_region_memory
    startup_stm32f103xb.o(.text) refers to system_stm32f1xx.o(i.SystemInit) for SystemInit
    startup_stm32f103xb.o(.text) refers to __main.o(!!!main) for __main
    startup_stm32f103xb.o(.text) refers to startup_stm32f103xb.o(HEAP) for Heap_Mem
    startup_stm32f103xb.o(.text) refers to startup_stm32f103xb.o(STACK) for Stack_Mem
    main.o(i.HAL_UART_RxCpltCallback) refers to atoi.o(.text) for atoi
    main.o(i.HAL_UART_RxCpltCallback) refers to servo.o(i._Z14Servo_SetAngleh) for Servo_SetAngle(unsigned char)
    main.o(i.HAL_UART_RxCpltCallback) refers to stm32f1xx_hal_uart.o(i.HAL_UART_Transmit) for HAL_UART_Transmit
    main.o(i.HAL_UART_RxCpltCallback) refers to stm32f1xx_hal_uart.o(i.HAL_UART_Receive_DMA) for HAL_UART_Receive_DMA
    main.o(i.HAL_UART_RxCpltCallback) refers to usart.o(.bss) for huart1
    main.o(i.HAL_UART_RxCpltCallback) refers to main.o(.data) for .data
    main.o(i.HAL_UART_TxCpltCallback) refers to usart.o(.bss) for huart1
    main.o(i.HAL_UART_TxCpltCallback) refers to main.o(.data) for .data
    main.o(i._Z18SystemClock_Configv) refers to rt_memclr_w.o(.text) for __aeabi_memclr4
    main.o(i._Z18SystemClock_Configv) refers to stm32f1xx_hal_rcc.o(i.HAL_RCC_OscConfig) for HAL_RCC_OscConfig
    main.o(i._Z18SystemClock_Configv) refers to stm32f1xx_hal_rcc.o(i.HAL_RCC_ClockConfig) for HAL_RCC_ClockConfig
    main.o(i.main) refers to _printf_percent.o(.ARM.Collect$$_printf_percent$$00000000) for _printf_percent
    main.o(i.main) refers to _printf_d.o(.ARM.Collect$$_printf_percent$$00000009) for _printf_d
    main.o(i.main) refers to _printf_dec.o(.text) for _printf_int_dec
    main.o(i.main) refers to stm32f1xx_hal.o(i.HAL_Init) for HAL_Init
    main.o(i.main) refers to main.o(i._Z18SystemClock_Configv) for SystemClock_Config()
    main.o(i.main) refers to gpio.o(i.MX_GPIO_Init) for MX_GPIO_Init
    main.o(i.main) refers to dma.o(i.MX_DMA_Init) for MX_DMA_Init
    main.o(i.main) refers to usart.o(i.MX_USART1_UART_Init) for MX_USART1_UART_Init
    main.o(i.main) refers to tim.o(i.MX_TIM2_Init) for MX_TIM2_Init
    main.o(i.main) refers to stm32f1xx_hal_uart.o(i.HAL_UART_Receive_DMA) for HAL_UART_Receive_DMA
    main.o(i.main) refers to stm32f1xx_hal_tim.o(i.HAL_TIM_PWM_Start) for HAL_TIM_PWM_Start
    main.o(i.main) refers to __2sprintf.o(.text) for __2sprintf
    main.o(i.main) refers to stm32f1xx_hal_uart.o(i.HAL_UART_Transmit_DMA) for HAL_UART_Transmit_DMA
    main.o(i.main) refers to stm32f1xx_hal.o(i.HAL_Delay) for HAL_Delay
    main.o(i.main) refers to main.o(.data) for .data
    main.o(i.main) refers to usart.o(.bss) for huart1
    main.o(i.main) refers to tim.o(.bss) for htim2
    main.o(i.main) refers to main.o(.bss) for .bss
    main.o(.ARM.exidx) refers to main.o(i.Error_Handler) for i.Error_Handler
    main.o(.ARM.exidx) refers to main.o(i._Z18SystemClock_Configv) for i._Z18SystemClock_Configv
    main.o(.ARM.exidx) refers to main.o(i.main) for i.main
    main.o(.ARM.exidx) refers to main.o(i.HAL_UART_RxCpltCallback) for i.HAL_UART_RxCpltCallback
[...]
    Removing stm32f1xx_hal_uart.o(.ARM.exidx), (8 bytes).
    Removing stm32f1xx_hal_uart.o(.ARM.exidx), (8 bytes).
    Removing stm32f1xx_hal_uart.o(.ARM.exidx), (8 bytes).
    Removing stm32f1xx_hal_uart.o(.ARM.exidx), (8 bytes).
    Removing stm32f1xx_hal_uart.o(.ARM.exidx), (8 bytes).
    Removing stm32f1xx_hal_uart.o(.ARM.exidx), (8 bytes).
    Removing stm32f1xx_hal_uart.o(.ARM.exidx), (8 bytes).
    Removing system_stm32f1xx.o(.rev16_text), (4 bytes).
    Removing system_stm32f1xx.o(.revsh_text), (4 bytes).
    Removing system_stm32f1xx.o(.rrx_text), (6 bytes).
    Removing system_stm32f1xx.o(i.SystemCoreClockUpdate), (104 bytes).
    Removing system_stm32f1xx.o(.ARM.exidx), (8 bytes).
    Removing system_stm32f1xx.o(.ARM.exidx), (8 bytes).

759 unused section(s) (total 26940 bytes) removed from the image.

==============================================================================

Image Symbol Table

    Local Symbols

    Symbol Name                              Value     Ov Type        Size  Object(Section)

    ../Core/Src/dma.c                        0x00000000   Number         0  dma.o ABSOLUTE
    ../Core/Src/gpio.c                       0x00000000   Number         0  gpio.o ABSOLUTE
    ../Core/Src/main.c                       0x00000000   Number         0  main.o ABSOLUTE
    ../Core/Src/stm32f1xx_hal_msp.c          0x00000000   Number         0  stm32f1xx_hal_msp.o ABSOLUTE
    ../Core/Src/stm32f1xx_it.c               0x00000000   Number         0  stm32f1xx_it.o ABSOLUTE
    ../Core/Src/system_stm32f1xx.c           0x00000000   Number         0  system_stm32f1xx.o ABSOLUTE
    ../Core/Src/tim.c                        0x00000000   Number         0  tim.o ABSOLUTE
    ../Core/Src/usart.c                      0x00000000   Number         0  usart.o ABSOLUTE
    ../Drivers/STM32F1xx_HAL_Driver/Src/stm32f1xx_hal.c 0x00000000   Number         0  stm32f1xx_hal.o ABSOLUTE
    ../Drivers/STM32F1xx_HAL_Driver/Src/stm32f1xx_hal_cortex.c 0x00000000   Number         0  stm32f1xx_hal_cortex.o ABSOLUTE
    ../Drivers/STM32F1xx_HAL_Driver/Src/stm32f1xx_hal_dma.c 0x00000000   Number         0  stm32f1xx_hal_dma.o ABSOLUTE
    ../Drivers/STM32F1xx_HAL_Driver/Src/stm32f1xx_hal_exti.c 0x00000000   Number         0  stm32f1xx_hal_exti.o ABSOLUTE
    ../Drivers/STM32F1xx_HAL_Driver/Src/stm32f1xx_hal_flash.c 0x00000000   Number         0  stm32f1xx_hal_flash.o ABSOLUTE
    ../Drivers/STM32F1xx_HAL_Driver/Src/stm32f1xx_hal_flash_ex.c 0x00000000   Number         0  stm32f1xx_hal_flash_ex.o ABSOLUTE
    ../Drivers/STM32F1xx_HAL_Driver/Src/stm32f1xx_hal_gpio.c 0x00000000   Number         0  stm32f1xx_hal_gpio.o ABSOLUTE
    ../Drivers/STM32F1xx_HAL_Driver/Src/stm32f1xx_hal_gpio_ex.c 0x00000000   Number         0  stm32f1xx_hal_gpio_ex.o ABSOLUTE
    ../Drivers/STM32F1xx_HAL_Driver/Src/stm32f1xx_hal_pwr.c 0x00000000   Number         0  stm32f1xx_hal_pwr.o ABSOLUTE
    ../Drivers/STM32F1xx_HAL_Driver/Src/stm32f1xx_hal_rcc.c 0x00000000   Number         0  stm32f1xx_hal_rcc.o ABSOLUTE
    ../Drivers/STM32F1xx_HAL_Driver/Src/stm32f1xx_hal_rcc_ex.c 0x00000000   Number         0  stm32f1xx_hal_rcc_ex.o ABSOLUTE
    ../Drivers/STM32F1xx_HAL_Driver/Src/stm32f1xx_hal_tim.c 0x00000000   Number         0  stm32f1xx_hal_tim.o ABSOLUTE
    ../Drivers/STM32F1xx_HAL_Driver/Src/stm32f1xx_hal_tim_ex.c 0x00000000   Number         0  stm32f1xx_hal_tim_ex.o ABSOLUTE
    ../Drivers/STM32F1xx_HAL_Driver/Src/stm32f1xx_hal_uart.c 0x00000000   Number         0  stm32f1xx_hal_uart.o ABSOLUTE
    ../clib/angel/boardlib.s                 0x00000000   Number         0  boardinit2.o ABSOLUTE
    ../clib/angel/boardlib.s                 0x00000000   Number         0  boardinit1.o ABSOLUTE
    ../clib/angel/boardlib.s                 0x00000000   Number         0  boardinit3.o ABSOLUTE
    ../clib/angel/boardlib.s                 0x00000000   Number         0  boardshut.o ABSOLUTE
    ../clib/angel/handlers.s                 0x00000000   Number         0  __scatter_copy.o ABSOLUTE
    ../clib/angel/handlers.s                 0x00000000   Number         0  __scatter_zi.o ABSOLUTE
    ../clib/angel/kernel.s                   0x00000000   Number         0  rtexit.o ABSOLUTE
    ../clib/angel/kernel.s                   0x00000000   Number         0  __rtentry2.o ABSOLUTE
    ../clib/angel/kernel.s                   0x00000000   Number         0  rtexit2.o ABSOLUTE
    ../clib/angel/kernel.s                   0x00000000   Number         0  __rtentry4.o ABSOLUTE
    ../clib/angel/kernel.s                   0x00000000   Number         0  __rtentry.o ABSOLUTE
    ../clib/angel/rt.s                       0x00000000   Number         0  rt_raise.o ABSOLUTE
    ../clib/angel/rt.s                       0x00000000   Number         0  rt_errno_addr.o ABSOLUTE
    ../clib/angel/rt.s                       0x00000000   Number         0  rt_errno_addr_intlibspace.o ABSOLUTE
    ../clib/angel/rt.s                       0x00000000   Number         0  rt_locale_intlibspace.o ABSOLUTE
    ../clib/angel/rt.s                       0x00000000   Number         0  rt_ctype_table.o ABSOLUTE
    ../clib/angel/rt.s                       0x00000000   Number         0  rt_locale.o ABSOLUTE
    ../clib/angel/scatter.s                  0x00000000   Number         0  __scatter.o ABSOLUTE
    ../clib/angel/startup.s                  0x00000000   Number         0  __main.o ABSOLUTE
    ../clib/angel/sys.s                      0x00000000   Number         0  use_no_semi.o ABSOLUTE
    ../clib/angel/sys.s                      0x00000000   Number         0  indicate_semi.o ABSOLUTE
    ../clib/angel/sys.s                      0x00000000   Number         0  sys_stackheap_outer.o ABSOLUTE
    ../clib/angel/sys.s                      0x00000000   Number         0  libspace.o ABSOLUTE
    ../clib/angel/sysapp.c                   0x00000000   Number         0  sys_command.o ABSOLUTE
    ../clib/angel/sysapp.c                   0x00000000   Number         0  sys_exit.o ABSOLUTE
    ../clib/angel/sysapp.c                   0x00000000   Number         0  sys_wrch.o ABSOLUTE
    ../clib/armsys.c                         0x00000000   Number         0  _get_argv_nomalloc.o ABSOLUTE
    ../clib/armsys.c                         0x00000000   Number         0  argv_veneer.o ABSOLUTE
    ../clib/armsys.c                         0x00000000   Number         0  argv_veneer.o ABSOLUTE
    ../clib/armsys.c                         0x00000000   Number         0  no_argv.o ABSOLUTE
    ../clib/heapalloc.c                      0x00000000   Number         0  hrguard.o ABSOLUTE
    ../clib/heapaux.c                        0x00000000   Number         0  heapauxi.o ABSOLUTE
    ../clib/libinit.s                        0x00000000   Number         0  libshutdown2.o ABSOLUTE
    ../clib/libinit.s                        0x00000000   Number         0  libinit2.o ABSOLUTE
    ../clib/libinit.s                        0x00000000   Number         0  libshutdown.o ABSOLUTE
    ../clib/libinit.s                        0x00000000   Number         0  libinit.o ABSOLUTE
    ../clib/locale.s                         0x00000000   Number         0  lc_ctype_c.o ABSOLUTE
    ../clib/longlong.s                       0x00000000   Number         0  llushr.o ABSOLUTE
    ../clib/memcpset.s                       0x00000000   Number         0  rt_memclr_w.o ABSOLUTE
    ../clib/memcpset.s                       0x00000000   Number         0  strcmpv7m.o ABSOLUTE
    ../clib/misc.s                           0x00000000   Number         0  printf_stubs.o ABSOLUTE
    ../clib/printf.c                         0x00000000   Number         0  __printf_flags_ss_wp.o ABSOLUTE
    ../clib/printf.c                         0x00000000   Number         0  __printf_nopercent.o ABSOLUTE
    ../clib/printf.c                         0x00000000   Number         0  __printf_wp.o ABSOLUTE
    ../clib/printf.c                         0x00000000   Number         0  _sputc.o ABSOLUTE
    ../clib/printf.c                         0x00000000   Number         0  _printf_char_common.o ABSOLUTE
    ../clib/printf.c                         0x00000000   Number         0  __printf_ss.o ABSOLUTE
    ../clib/printf.c                         0x00000000   Number         0  __2sprintf.o ABSOLUTE
    ../clib/printf.c                         0x00000000   Number         0  __printf_flags_wp.o ABSOLUTE
    ../clib/printf.c                         0x00000000   Number         0  noretval__2sprintf.o ABSOLUTE
    ../clib/printf.c                         0x00000000   Number         0  _printf_intcommon.o ABSOLUTE
    ../clib/printf.c                         0x00000000   Number         0  __printf.o ABSOLUTE
    ../clib/printf.c                         0x00000000   Number         0  _printf_dec.o ABSOLUTE
    ../clib/printf.c                         0x00000000   Number         0  __printf_flags_ss.o ABSOLUTE
    ../clib/printf.c                         0x00000000   Number         0  __printf_flags.o ABSOLUTE
    ../clib/printf.c                         0x00000000   Number         0  __printf_ss_wp.o ABSOLUTE
    ../clib/printf_percent.s                 0x00000000   Number         0  _printf_d.o ABSOLUTE
    ../clib/printf_percent.s                 0x00000000   Number         0  _printf_percent.o ABSOLUTE
    ../clib/printf_percent.s                 0x00000000   Number         0  _printf_percent_end.o ABSOLUTE
    ../clib/scanf.c                          0x00000000   Number         0  _chval.o ABSOLUTE
    ../clib/scanf.c                          0x00000000   Number         0  _strtoul.o ABSOLUTE
    ../clib/scanf.c                          0x00000000   Number         0  strtol.o ABSOLUTE
    ../clib/scanf.c                          0x00000000   Number         0  atoi.o ABSOLUTE
    ../clib/signal.c                         0x00000000   Number         0  defsig_rtmem_outer.o ABSOLUTE
    ../clib/signal.c                         0x00000000   Number         0  defsig_rtred_inner.o ABSOLUTE
    ../clib/signal.c                         0x00000000   Number         0  defsig_stak_inner.o ABSOLUTE
    ../clib/signal.c                         0x00000000   Number         0  defsig_pvfn_inner.o ABSOLUTE
    ../clib/signal.c                         0x00000000   Number         0  defsig_cppl_inner.o ABSOLUTE
    ../clib/signal.c                         0x00000000   Number         0  defsig_segv_inner.o ABSOLUTE
    ../clib/signal.c                         0x00000000   Number         0  defsig_other.o ABSOLUTE
    ../clib/signal.c                         0x00000000   Number         0  defsig_rtmem_inner.o ABSOLUTE
    ../clib/signal.c                         0x00000000   Number         0  defsig_exit.o ABSOLUTE
    ../clib/signal.c                         0x00000000   Number         0  defsig_rtmem_formal.o ABSOLUTE
    ../clib/signal.c                         0x00000000   Number         0  __raise.o ABSOLUTE
    ../clib/signal.c                         0x00000000   Number         0  defsig_general.o ABSOLUTE
    ../clib/signal.c                         0x00000000   Number         0  defsig_abrt_inner.o ABSOLUTE
    ../clib/signal.c                         0x00000000   Number         0  defsig_fpe_inner.o ABSOLUTE
    ../clib/signal.s                         0x00000000   Number         0  defsig.o ABSOLUTE
    ../clib/stdlib.c                         0x00000000   Number         0  exit.o ABSOLUTE
    ../fplib/fpinit.s                        0x00000000   Number         0  fpinit.o ABSOLUTE
    ..\Core\Src\dma.c                        0x00000000   Number         0  dma.o ABSOLUTE
    ..\Core\Src\gpio.c                       0x00000000   Number         0  gpio.o ABSOLUTE
    ..\Core\Src\main.c                       0x00000000   Number         0  main.o ABSOLUTE
    ..\Core\Src\stm32f1xx_hal_msp.c          0x00000000   Number         0  stm32f1xx_hal_msp.o ABSOLUTE
    ..\Core\Src\stm32f1xx_it.c               0x00000000   Number         0  stm32f1xx_it.o ABSOLUTE
    ..\Core\Src\system_stm32f1xx.c           0x00000000   Number         0  system_stm32f1xx.o ABSOLUTE
    ..\Core\Src\tim.c                        0x00000000   Number         0  tim.o ABSOLUTE
    ..\Core\Src\usart.c                      0x00000000   Number         0  usart.o ABSOLUTE
    ..\Drivers\STM32F1xx_HAL_Driver\Src\stm32f1xx_hal.c 0x00000000   Number         0  stm32f1xx_hal.o ABSOLUTE
    ..\Drivers\STM32F1xx_HAL_Driver\Src\stm32f1xx_hal_cortex.c 0x00000000   Number         0  stm32f1xx_hal_cortex.o ABSOLUTE
    ..\Drivers\STM32F1xx_HAL_Driver\Src\stm32f1xx_hal_dma.c 0x00000000   Number         0  stm32f1xx_hal_dma.o ABSOLUTE
    ..\Drivers\STM32F1xx_HAL_Driver\Src\stm32f1xx_hal_exti.c 0x00000000   Number         0  stm32f1xx_hal_exti.o ABSOLUTE
    ..\Drivers\STM32F1xx_HAL_Driver\Src\stm32f1xx_hal_flash.c 0x00000000   Number         0  stm32f1xx_hal_flash.o ABSOLUTE
    ..\Drivers\STM32F1xx_HAL_Driver\Src\stm32f1xx_hal_flash_ex.c 0x00000000   Number         0  stm32f1xx_hal_flash_ex.o ABSOLUTE
    ..\Drivers\STM32F1xx_HAL_Driver\Src\stm32f1xx_hal_gpio.c 0x00000000   Number         0  stm32f1xx_hal_gpio.o ABSOLUTE
    ..\Drivers\STM32F1xx_HAL_Driver\Src\stm32f1xx_hal_gpio_ex.c 0x00000000   Number         0  stm32f1xx_hal_gpio_ex.o ABSOLUTE
    ..\Drivers\STM32F1xx_HAL_Driver\Src\stm32f1xx_hal_pwr.c 0x00000000   Number         0  stm32f1xx_hal_pwr.o ABSOLUTE
    ..\Drivers\STM32F1xx_HAL_Driver\Src\stm32f1xx_hal_rcc.c 0x00000000   Number         0  stm32f1xx_hal_rcc.o ABSOLUTE
    ..\Drivers\STM32F1xx_HAL_Driver\Src\stm32f1xx_hal_rcc_ex.c 0x00000000   Number         0  stm32f1xx_hal_rcc_ex.o ABSOLUTE
    ..\Drivers\STM32F1xx_HAL_Driver\Src\stm32f1xx_hal_tim.c 0x00000000   Number         0  stm32f1xx_hal_tim.o ABSOLUTE
    ..\Drivers\STM32F1xx_HAL_Driver\Src\stm32f1xx_hal_tim_ex.c 0x00000000   Number         0  stm32f1xx_hal_tim_ex.o ABSOLUTE
    ..\Drivers\STM32F1xx_HAL_Driver\Src\stm32f1xx_hal_uart.c 0x00000000   Number         0  stm32f1xx_hal_uart.o ABSOLUTE
    dc.s                                     0x00000000   Number         0  dc.o ABSOLUTE
    startup_stm32f103xb.s                    0x00000000   Number         0  startup_stm32f103xb.o ABSOLUTE
    test\Servo.c                             0x00000000   Number         0  servo.o ABSOLUTE
    test\\Servo.c                            0x00000000   Number         0  servo.o ABSOLUTE
    RESET                                    0x08000000   Section      236  startup_stm32f103xb.o(RESET)
    !!!main                                  0x080000ec   Section        8  __main.o(!!!main)
    !!!scatter                               0x080000f4   Section       52  __scatter.o(!!!scatter)
    !!handler_copy                           0x08000128   Section       26  __scatter_copy.o(!!handler_copy)
    !!handler_zi                             0x08000144   Section       28  __scatter_zi.o(!!handler_zi)
    .ARM.Collect$$_printf_percent$$00000000  0x08000160   Section        0  _printf_percent.o(.ARM.Collect$$_printf_percent$$00000000)
    .ARM.Collect$$_printf_percent$$00000009  0x08000160   Section        6  _printf_d.o(.ARM.Collect$$_printf_percent$$00000009)
    .ARM.Collect$$_printf_percent$$00000017  0x08000166   Section        4  _printf_percent_end.o(.ARM.Collect$$_printf_percent$$00000017)
    .ARM.Collect$$libinit$$00000000          0x0800016a   Section        2  libinit.o(.ARM.Collect$$libinit$$00000000)
    .ARM.Collect$$libinit$$00000002          0x0800016c   Section        0  libinit2.o(.ARM.Collect$$libinit$$00000002)
    .ARM.Collect$$libinit$$00000004          0x0800016c   Section        0  libinit2.o(.ARM.Collect$$libinit$$00000004)
    .ARM.Collect$$libinit$$0000000A          0x0800016c   Section        0  libinit2.o(.ARM.Collect$$libinit$$0000000A)
    .ARM.Collect$$libinit$$0000000C          0x0800016c   Section        0  libinit2.o(.ARM.Collect$$libinit$$0000000C)
    .ARM.Collect$$libinit$$0000000E          0x0800016c   Section        0  libinit2.o(.ARM.Collect$$libinit$$0000000E)
    .ARM.Collect$$libinit$$0000000F          0x0800016c   Section        6  libinit2.o(.ARM.Collect$$libinit$$0000000F)
    .ARM.Collect$$libinit$$00000011          0x08000172   Section        0  libinit2.o(.ARM.Collect$$libinit$$00000011)
    .ARM.Collect$$libinit$$00000012          0x08000172   Section       12  libinit2.o(.ARM.Collect$$libinit$$00000012)
    .ARM.Collect$$libinit$$00000013          0x0800017e   Section        0  libinit2.o(.ARM.Collect$$libinit$$00000013)
    .ARM.Collect$$libinit$$00000015          0x0800017e   Section        0  libinit2.o(.ARM.Collect$$libinit$$00000015)
    .ARM.Collect$$libinit$$00000017          0x0800017e   Section        0  libinit2.o(.ARM.Collect$$libinit$$00000017)
    .ARM.Collect$$libinit$$00000019          0x0800017e   Section        0  libinit2.o(.ARM.Collect$$libinit$$00000019)
    .ARM.Collect$$libinit$$0000001B          0x0800017e   Section        0  libinit2.o(.ARM.Collect$$libinit$$0000001B)
    .ARM.Collect$$libinit$$0000001D          0x0800017e   Section        0  libinit2.o(.ARM.Collect$$libinit$$0000001D)
    .ARM.Collect$$libinit$$0000001F          0x0800017e   Section        0  libinit2.o(.ARM.Collect$$libinit$$0000001F)
    .ARM.Collect$$libinit$$00000021          0x0800017e   Section        0  libinit2.o(.ARM.Collect$$libinit$$00000021)
    .ARM.Collect$$libinit$$00000023          0x0800017e   Section        0  libinit2.o(.ARM.Collect$$libinit$$00000023)
    .ARM.Collect$$libinit$$00000025          0x0800017e   Section        0  libinit2.o(.ARM.Collect$$libinit$$00000025)
    .ARM.Collect$$libinit$$0000002C          0x0800017e   Section        0  libinit2.o(.ARM.Collect$$libinit$$0000002C)
    .ARM.Collect$$libinit$$0000002E          0x0800017e   Section        0  libinit2.o(.ARM.Collect$$libinit$$0000002E)
    .ARM.Collect$$libinit$$00000030          0x0800017e   Section        0  libinit2.o(.ARM.Collect$$libinit$$00000030)
    .ARM.Collect$$libinit$$00000032          0x0800017e   Section        0  libinit2.o(.ARM.Collect$$libinit$$00000032)
    .ARM.Collect$$libinit$$00000033          0x0800017e   Section        2  libinit2.o(.ARM.Collect$$libinit$$00000033)
    .ARM.Collect$$libshutdown$$00000000      0x08000180   Section        2  libshutdown.o(.ARM.Collect$$libshutdown$$00000000)
    .ARM.Collect$$libshutdown$$00000003      0x08000182   Section        0  libshutdown2.o(.ARM.Collect$$libshutdown$$00000003)
    .ARM.Collect$$libshutdown$$00000006      0x08000182   Section        0  libshutdown2.o(.ARM.Collect$$libshutdown$$00000006)
    .ARM.Collect$$libshutdown$$00000009      0x08000182   Section        0  libshutdown2.o(.ARM.Collect$$libshutdown$$00000009)
    .ARM.Collect$$libshutdown$$0000000B      0x08000182   Section        0  libshutdown2.o(.ARM.Collect$$libshutdown$$0000000B)
    .ARM.Collect$$libshutdown$$0000000E      0x08000182   Section        0  libshutdown2.o(.ARM.Collect$$libshutdown$$0000000E)
    .ARM.Collect$$libshutdown$$0000000F      0x08000182   Section        2  libshutdown2.o(.ARM.Collect$$libshutdown$$0000000F)
    .ARM.Collect$$rtentry$$00000000          0x08000184   Section        0  __rtentry.o(.ARM.Collect$$rtentry$$00000000)
    .ARM.Collect$$rtentry$$00000002          0x08000184   Section        0  __rtentry2.o(.ARM.Collect$$rtentry$$00000002)
    .ARM.Collect$$rtentry$$00000004          0x08000184   Section        6  __rtentry4.o(.ARM.Collect$$rtentry$$00000004)
    .ARM.Collect$$rtentry$$00000009          0x0800018a   Section        0  __rtentry2.o(.ARM.Collect$$rtentry$$00000009)
    .ARM.Collect$$rtentry$$0000000A          0x0800018a   Section        4  __rtentry2.o(.ARM.Collect$$rtentry$$0000000A)
    .ARM.Collect$$rtentry$$0000000C          0x0800018e   Section        0  __rtentry2.o(.ARM.Collect$$rtentry$$0000000C)
    .ARM.Collect$$rtentry$$0000000D          0x0800018e   Section        8  __rtentry2.o(.ARM.Collect$$rtentry$$0000000D)
    .ARM.Collect$$rtexit$$00000000           0x08000196   Section        2  rtexit.o(.ARM.Collect$$rtexit$$00000000)
    .ARM.Collect$$rtexit$$00000002           0x08000198   Section        0  rtexit2.o(.ARM.Collect$$rtexit$$00000002)
    .ARM.Collect$$rtexit$$00000003           0x08000198   Section        4  rtexit2.o(.ARM.Collect$$rtexit$$00000003)
    .ARM.Collect$$rtexit$$00000004           0x0800019c   Section        6  rtexit2.o(.ARM.Collect$$rtexit$$00000004)
    .text                                    0x080001a4   Section       64  startup_stm32f103xb.o(.text)
    .text                                    0x080001e4   Section        0  __2sprintf.o(.text)
    .text                                    0x08000210   Section        0  __printf.o(.text)
    .text                                    0x08000278   Section        0  _printf_dec.o(.text)
    .text                                    0x080002f0   Section        0  atoi.o(.text)
    .text                                    0x0800030a   Section       78  rt_memclr_w.o(.text)
    .text                                    0x08000358   Section        0  heapauxi.o(.text)
    .text                                    0x08000360   Section        8  rt_errno_addr_intlibspace.o(.text)
    .text                                    0x08000368   Section        0  _printf_intcommon.o(.text)
    .text                                    0x0800041c   Section        0  _printf_char_common.o(.text)
    _printf_input_char                       0x0800041d   Thumb Code    10  _printf_char_common.o(.text)
    .text                                    0x0800044c   Section        0  _sputc.o(.text)
    .text                                    0x08000456   Section        0  strtol.o(.text)
    .text                                    0x080004c8   Section        8  libspace.o(.text)
    .text                                    0x080004d0   Section       16  rt_ctype_table.o(.text)
    .text                                    0x080004e0   Section        0  _strtoul.o(.text)
    .text                                    0x0800057e   Section       74  sys_stackheap_outer.o(.text)
    .text                                    0x080005c8   Section        8  rt_locale_intlibspace.o(.text)
    .text                                    0x080005d0   Section        0  _chval.o(.text)
    .text                                    0x080005ec   Section        0  exit.o(.text)
    .text                                    0x080005f8   Section      128  strcmpv7m.o(.text)
    .text                                    0x08000678   Section        0  sys_exit.o(.text)
    .text                                    0x08000684   Section        2  use_no_semi.o(.text)
    .text                                    0x08000686   Section        0  indicate_semi.o(.text)
    i.BusFault_Handler                       0x08000686   Section        0  stm32f1xx_it.o(i.BusFault_Handler)
    i.DMA1_Channel4_IRQHandler               0x08000688   Section        0  stm32f1xx_it.o(i.DMA1_Channel4_IRQHandler)
    i.DMA1_Channel5_IRQHandler               0x08000694   Section        0  stm32f1xx_it.o(i.DMA1_Channel5_IRQHandler)
    i.DebugMon_Handler                       0x080006a0   Section        0  stm32f1xx_it.o(i.DebugMon_Handler)
    i.Error_Handler                          0x080006a2   Section        0  main.o(i.Error_Handler)
    i.HAL_DMA_Abort                          0x080006a6   Section        0  stm32f1xx_hal_dma.o(i.HAL_DMA_Abort)
    i.HAL_DMA_Abort_IT                       0x080006ec   Section        0  stm32f1xx_hal_dma.o(i.HAL_DMA_Abort_IT)
    i.HAL_DMA_IRQHandler                     0x08000784   Section        0  stm32f1xx_hal_dma.o(i.HAL_DMA_IRQHandler)
    i.HAL_DMA_Init                           0x080008d8   Section        0  stm32f1xx_hal_dma.o(i.HAL_DMA_Init)
    i.HAL_DMA_Start_IT                       0x08000934   Section        0  stm32f1xx_hal_dma.o(i.HAL_DMA_Start_IT)
    i.HAL_Delay                              0x080009a4   Section        0  stm32f1xx_hal.o(i.HAL_Delay)
    i.HAL_GPIO_Init                          0x080009c8   Section        0  stm32f1xx_hal_gpio.o(i.HAL_GPIO_Init)
    i.HAL_GPIO_WritePin                      0x08000ba8   Section        0  stm32f1xx_hal_gpio.o(i.HAL_GPIO_WritePin)
    i.HAL_GetTick                            0x08000bb4   Section        0  stm32f1xx_hal.o(i.HAL_GetTick)
    i.HAL_IncTick                            0x08000bc0   Section        0  stm32f1xx_hal.o(i.HAL_IncTick)
    i.HAL_Init                               0x08000bd0   Section        0  stm32f1xx_hal.o(i.HAL_Init)
    i.HAL_InitTick                           0x08000bf4   Section        0  stm32f1xx_hal.o(i.HAL_InitTick)
    i.HAL_MspInit                            0x08000c34   Section        0  stm32f1xx_hal_msp.o(i.HAL_MspInit)
    i.HAL_NVIC_EnableIRQ                     0x08000c70   Section        0  stm32f1xx_hal_cortex.o(i.HAL_NVIC_EnableIRQ)
    i.HAL_NVIC_SetPriority                   0x08000c8c   Section        0  stm32f1xx_hal_cortex.o(i.HAL_NVIC_SetPriority)
    i.HAL_NVIC_SetPriorityGrouping           0x08000ccc   Section        0  stm32f1xx_hal_cortex.o(i.HAL_NVIC_SetPriorityGrouping)
    i.HAL_RCC_ClockConfig                    0x08000cf0   Section        0  stm32f1xx_hal_rcc.o(i.HAL_RCC_ClockConfig)
    i.HAL_RCC_GetPCLK1Freq                   0x08000e1c   Section        0  stm32f1xx_hal_rcc.o(i.HAL_RCC_GetPCLK1Freq)
    i.HAL_RCC_GetPCLK2Freq                   0x08000e3c   Section        0  stm32f1xx_hal_rcc.o(i.HAL_RCC_GetPCLK2Freq)
    i.HAL_RCC_GetSysClockFreq                0x08000e5c   Section        0  stm32f1xx_hal_rcc.o(i.HAL_RCC_GetSysClockFreq)
    i.HAL_RCC_OscConfig                      0x08000ea8   Section        0  stm32f1xx_hal_rcc.o(i.HAL_RCC_OscConfig)
    i.HAL_SYSTICK_Config                     0x080011c8   Section        0  stm32f1xx_hal_cortex.o(i.HAL_SYSTICK_Config)
    i.HAL_TIMEx_MasterConfigSynchronization  0x080011f0   Section        0  stm32f1xx_hal_tim_ex.o(i.HAL_TIMEx_MasterConfigSynchronization)
    i.HAL_TIM_MspPostInit                    0x08001258   Section        0  tim.o(i.HAL_TIM_MspPostInit)
    i.HAL_TIM_PWM_ConfigChannel              0x080012a0   Section        0  stm32f1xx_hal_tim.o(i.HAL_TIM_PWM_ConfigChannel)
    i.HAL_TIM_PWM_Init                       0x0800136c   Section        0  stm32f1xx_hal_tim.o(i.HAL_TIM_PWM_Init)
    i.HAL_TIM_PWM_MspInit                    0x080013c8   Section        0  tim.o(i.HAL_TIM_PWM_MspInit)
    i.HAL_TIM_PWM_Start                      0x080013ec   Section        0  stm32f1xx_hal_tim.o(i.HAL_TIM_PWM_Start)
    i.HAL_UARTEx_RxEventCallback             0x08001488   Section        0  stm32f1xx_hal_uart.o(i.HAL_UARTEx_RxEventCallback)
    i.HAL_UART_ErrorCallback                 0x0800148a   Section        0  stm32f1xx_hal_uart.o(i.HAL_UART_ErrorCallback)
    i.HAL_UART_IRQHandler                    0x0800148c   Section        0  stm32f1xx_hal_uart.o(i.HAL_UART_IRQHandler)
    i.HAL_UART_Init                          0x080016f8   Section        0  stm32f1xx_hal_uart.o(i.HAL_UART_Init)
    i.HAL_UART_MspInit                       0x0800175c   Section        0  usart.o(i.HAL_UART_MspInit)
    i.HAL_UART_Receive_DMA                   0x08001838   Section        0  stm32f1xx_hal_uart.o(i.HAL_UART_Receive_DMA)
    i.HAL_UART_RxCpltCallback                0x08001854   Section        0  main.o(i.HAL_UART_RxCpltCallback)
    i.HAL_UART_RxHalfCpltCallback            0x08001904   Section        0  stm32f1xx_hal_uart.o(i.HAL_UART_RxHalfCpltCallback)
    i.HAL_UART_Transmit                      0x08001906   Section        0  stm32f1xx_hal_uart.o(i.HAL_UART_Transmit)
    i.HAL_UART_Transmit_DMA                  0x080019a8   Section        0  stm32f1xx_hal_uart.o(i.HAL_UART_Transmit_DMA)
    i.HAL_UART_TxCpltCallback                0x08001a20   Section        0  main.o(i.HAL_UART_TxCpltCallback)
    i.HAL_UART_TxHalfCpltCallback            0x08001a38   Section        0  stm32f1xx_hal_uart.o(i.HAL_UART_TxHalfCpltCallback)
    i.HardFault_Handler                      0x08001a3a   Section        0  stm32f1xx_it.o(i.HardFault_Handler)
    i.MX_DMA_Init                            0x08001a3c   Section        0  dma.o(i.MX_DMA_Init)
    i.MX_GPIO_Init                           0x08001a78   Section        0  gpio.o(i.MX_GPIO_Init)
    i.MX_TIM2_Init                           0x08001ae8   Section        0  tim.o(i.MX_TIM2_Init)
    i.MX_USART1_UART_Init                    0x08001b5c   Section        0  usart.o(i.MX_USART1_UART_Init)
    i.MemManage_Handler                      0x08001b94   Section        0  stm32f1xx_it.o(i.MemManage_Handler)
    i.NMI_Handler                            0x08001b96   Section        0  stm32f1xx_it.o(i.NMI_Handler)
    i.PendSV_Handler                         0x08001b98   Section        0  stm32f1xx_it.o(i.PendSV_Handler)
    i.SVC_Handler                            0x08001b9a   Section        0  stm32f1xx_it.o(i.SVC_Handler)
    i.SysTick_Handler                        0x08001b9c   Section        0  stm32f1xx_it.o(i.SysTick_Handler)
    i.SystemInit                             0x08001ba0   Section        0  system_stm32f1xx.o(i.SystemInit)
    i.TIM_Base_SetConfig                     0x08001ba4   Section        0  stm32f1xx_hal_tim.o(i.TIM_Base_SetConfig)
    i.TIM_CCxChannelCmd                      0x08001c1c   Section        0  stm32f1xx_hal_tim.o(i.TIM_CCxChannelCmd)
    i.TIM_OC2_SetConfig                      0x08001c38   Section        0  stm32f1xx_hal_tim.o(i.TIM_OC2_SetConfig)
    i.UART_Start_Receive_DMA                 0x08001c90   Section        0  stm32f1xx_hal_uart.o(i.UART_Start_Receive_DMA)
    i.USART1_IRQHandler                      0x08001d20   Section        0  stm32f1xx_it.o(i.USART1_IRQHandler)
    i.UsageFault_Handler                     0x08001d2c   Section        0  stm32f1xx_it.o(i.UsageFault_Handler)
    i._Z14Servo_SetAngleh                    0x08001d30   Section        0  servo.o(i._Z14Servo_SetAngleh)
    i._Z18SystemClock_Configv                0x08001d5c   Section        0  main.o(i._Z18SystemClock_Configv)
    i._ZN41_INTERNAL_19_stm32f1xx_hal_dma_c_c25f65ec13DMA_SetConfigEP19__DMA_HandleTypeDefjjj 0x08001dba   Section        0  stm32f1xx_hal_dma.o(i._ZN41_INTERNAL_19_stm32f1xx_hal_dma_c_c25f65ec13DMA_SetConfigEP19__DMA_HandleTypeDefjjj)
    [local to stm32f1xx_hal_dma_c]::DMA_SetConfig(__DMA_HandleTypeDef*, unsigned, unsigned, unsigned) 0x08001dbb   Thumb Code    42  stm32f1xx_hal_dma.o(i._ZN41_INTERNAL_19_stm32f1xx_hal_dma_c_c25f65ec13DMA_SetConfigEP19__DMA_HandleTypeDefjjj)
    i._ZN41_INTERNAL_19_stm32f1xx_hal_tim_c_a9d95b5217TIM_OC1_SetConfigEP11TIM_TypeDefPK18TIM_OC_InitTypeDef 0x08001de4   Section        0  stm32f1xx_hal_tim.o(i._ZN41_INTERNAL_19_stm32f1xx_hal_tim_c_a9d95b5217TIM_OC1_SetConfigEP11TIM_TypeDefPK18TIM_OC_InitTypeDef)
    [local to stm32f1xx_hal_tim_c]::TIM_OC1_SetConfig(TIM_TypeDef*, const TIM_OC_InitTypeDef*) 0x08001de5   Thumb Code    74  stm32f1xx_hal_tim.o(i._ZN41_INTERNAL_19_stm32f1xx_hal_tim_c_a9d95b5217TIM_OC1_SetConfigEP11TIM_TypeDefPK18TIM_OC_InitTypeDef)
    i._ZN41_INTERNAL_19_stm32f1xx_hal_tim_c_a9d95b5217TIM_OC3_SetConfigEP11TIM_TypeDefPK18TIM_OC_InitTypeDef 0x08001e34   Section        0  stm32f1xx_hal_tim.o(i._ZN41_INTERNAL_19_stm32f1xx_hal_tim_c_a9d95b5217TIM_OC3_SetConfigEP11TIM_TypeDefPK18TIM_OC_InitTypeDef)
    [local to stm32f1xx_hal_tim_c]::TIM_OC3_SetConfig(TIM_TypeDef*, const TIM_OC_InitTypeDef*) 0x08001e35   Thumb Code    82  stm32f1xx_hal_tim.o(i._ZN41_INTERNAL_19_stm32f1xx_hal_tim_c_a9d95b5217TIM_OC3_SetConfigEP11TIM_TypeDefPK18TIM_OC_InitTypeDef)
    i._ZN41_INTERNAL_19_stm32f1xx_hal_tim_c_a9d95b5217TIM_OC4_SetConfigEP11TIM_TypeDefPK18TIM_OC_InitTypeDef 0x08001e8c   Section        0  stm32f1xx_hal_tim.o(i._ZN41_INTERNAL_19_stm32f1xx_hal_tim_c_a9d95b5217TIM_OC4_SetConfigEP11TIM_TypeDefPK18TIM_OC_InitTypeDef)
    [local to stm32f1xx_hal_tim_c]::TIM_OC4_SetConfig(TIM_TypeDef*, const TIM_OC_InitTypeDef*) 0x08001e8d   Thumb Code    64  stm32f1xx_hal_tim.o(i._ZN41_INTERNAL_19_stm32f1xx_hal_tim_c_a9d95b5217TIM_OC4_SetConfigEP11TIM_TypeDefPK18TIM_OC_InitTypeDef)
    i._ZN42_INTERNAL_20_stm32f1xx_hal_uart_c_d497114f13UART_DMAErrorEP19__DMA_HandleTypeDef 0x08001ed0   Section        0  stm32f1xx_hal_uart.o(i._ZN42_INTERNAL_20_stm32f1xx_hal_uart_c_d497114f13UART_DMAErrorEP19__DMA_HandleTypeDef)
    [local to stm32f1xx_hal_uart_c]::UART_DMAError(__DMA_HandleTypeDef*) 0x08001ed1   Thumb Code    74  stm32f1xx_hal_uart.o(i._ZN42_INTERNAL_20_stm32f1xx_hal_uart_c_d497114f13UART_DMAErrorEP19__DMA_HandleTypeDef)
    i._ZN42_INTERNAL_20_stm32f1xx_hal_uart_c_d497114f14UART_SetConfigEP20__UART_HandleTypeDef 0x08001f1c   Section        0  stm32f1xx_hal_uart.o(i._ZN42_INTERNAL_20_stm32f1xx_hal_uart_c_d497114f14UART_SetConfigEP20__UART_HandleTypeDef)
    [local to stm32f1xx_hal_uart_c]::UART_SetConfig(__UART_HandleTypeDef*) 0x08001f1d   Thumb Code   178  stm32f1xx_hal_uart.o(i._ZN42_INTERNAL_20_stm32f1xx_hal_uart_c_d497114f14UART_SetConfigEP20__UART_HandleTypeDef)
    i._ZN42_INTERNAL_20_stm32f1xx_hal_uart_c_d497114f15UART_Receive_ITEP20__UART_HandleTypeDef 0x08001fd4   Section        0  stm32f1xx_hal_uart.o(i._ZN42_INTERNAL_20_stm32f1xx_hal_uart_c_d497114f15UART_Receive_ITEP20__UART_HandleTypeDef)
    [local to stm32f1xx_hal_uart_c]::UART_Receive_IT(__UART_HandleTypeDef*) 0x08001fd5   Thumb Code   194  stm32f1xx_hal_uart.o(i._ZN42_INTERNAL_20_stm32f1xx_hal_uart_c_d497114f15UART_Receive_ITEP20__UART_HandleTypeDef)
    i._ZN42_INTERNAL_20_stm32f1xx_hal_uart_c_d497114f18UART_DMARxHalfCpltEP19__DMA_HandleTypeDef 0x08002096   Section        0  stm32f1xx_hal_uart.o(i._ZN42_INTERNAL_20_stm32f1xx_hal_uart_c_d497114f18UART_DMARxHalfCpltEP19__DMA_HandleTypeDef)
    [local to stm32f1xx_hal_uart_c]::UART_DMARxHalfCplt(__DMA_HandleTypeDef*) 0x08002097   Thumb Code    30  stm32f1xx_hal_uart.o(i._ZN42_INTERNAL_20_stm32f1xx_hal_uart_c_d497114f18UART_DMARxHalfCpltEP19__DMA_HandleTypeDef)
    i._ZN42_INTERNAL_20_stm32f1xx_hal_uart_c_d497114f18UART_DMATxHalfCpltEP19__DMA_HandleTypeDef 0x080020b4   Section        0  stm32f1xx_hal_uart.o(i._ZN42_INTERNAL_20_stm32f1xx_hal_uart_c_d497114f18UART_DMATxHalfCpltEP19__DMA_HandleTypeDef)
    [local to stm32f1xx_hal_uart_c]::UART_DMATxHalfCplt(__DMA_HandleTypeDef*) 0x080020b5   Thumb Code    10  stm32f1xx_hal_uart.o(i._ZN42_INTERNAL_20_stm32f1xx_hal_uart_c_d497114f18UART_DMATxHalfCpltEP19__DMA_HandleTypeDef)
    i._ZN42_INTERNAL_20_stm32f1xx_hal_uart_c_d497114f18UART_EndRxTransferEP20__UART_HandleTypeDef 0x080020be   Section        0  stm32f1xx_hal_uart.o(i._ZN42_INTERNAL_20_stm32f1xx_hal_uart_c_d497114f18UART_EndRxTransferEP20__UART_HandleTypeDef)
    [local to stm32f1xx_hal_uart_c]::UART_EndRxTransfer(__UART_HandleTypeDef*) 0x080020bf   Thumb Code    78  stm32f1xx_hal_uart.o(i._ZN42_INTERNAL_20_stm32f1xx_hal_uart_c_d497114f18UART_EndRxTransferEP20__UART_HandleTypeDef)
    i._ZN42_INTERNAL_20_stm32f1xx_hal_uart_c_d497114f18UART_EndTxTransferEP20__UART_HandleTypeDef 0x0800210c   Section        0  stm32f1xx_hal_uart.o(i._ZN42_INTERNAL_20_stm32f1xx_hal_uart_c_d497114f18UART_EndTxTransferEP20__UART_HandleTypeDef)
    [local to stm32f1xx_hal_uart_c]::UART_EndTxTransfer(__UART_HandleTypeDef*) 0x0800210d   Thumb Code    28  stm32f1xx_hal_uart.o(i._ZN42_INTERNAL_20_stm32f1xx_hal_uart_c_d497114f18UART_EndTxTransferEP20__UART_HandleTypeDef)
    i._ZN42_INTERNAL_20_stm32f1xx_hal_uart_c_d497114f19UART_DMAReceiveCpltEP19__DMA_HandleTypeDef 0x08002128   Section        0  stm32f1xx_hal_uart.o(i._ZN42_INTERNAL_20_stm32f1xx_hal_uart_c_d497114f19UART_DMAReceiveCpltEP19__DMA_HandleTypeDef)
    [local to stm32f1xx_hal_uart_c]::UART_DMAReceiveCplt(__DMA_HandleTypeDef*) 0x08002129   Thumb Code   134  stm32f1xx_hal_uart.o(i._ZN42_INTERNAL_20_stm32f1xx_hal_uart_c_d497114f19UART_DMAReceiveCpltEP19__DMA_HandleTypeDef)
    i._ZN42_INTERNAL_20_stm32f1xx_hal_uart_c_d497114f20UART_DMAAbortOnErrorEP19__DMA_HandleTypeDef 0x080021ae   Section        0  stm32f1xx_hal_uart.o(i._ZN42_INTERNAL_20_stm32f1xx_hal_uart_c_d497114f20UART_DMAAbortOnErrorEP19__DMA_HandleTypeDef)
    [local to stm32f1xx_hal_uart_c]::UART_DMAAbortOnError(__DMA_HandleTypeDef*) 0x080021af   Thumb Code    16  stm32f1xx_hal_uart.o(i._ZN42_INTERNAL_20_stm32f1xx_hal_uart_c_d497114f20UART_DMAAbortOnErrorEP19__DMA_HandleTypeDef)
    i._ZN42_INTERNAL_20_stm32f1xx_hal_uart_c_d497114f20UART_DMATransmitCpltEP19__DMA_HandleTypeDef 0x080021be   Section        0  stm32f1xx_hal_uart.o(i._ZN42_INTERNAL_20_stm32f1xx_hal_uart_c_d497114f20UART_DMATransmitCpltEP19__DMA_HandleTypeDef)
    [local to stm32f1xx_hal_uart_c]::UART_DMATransmitCplt(__DMA_HandleTypeDef*) 0x080021bf   Thumb Code    66  stm32f1xx_hal_uart.o(i._ZN42_INTERNAL_20_stm32f1xx_hal_uart_c_d497114f20UART_DMATransmitCpltEP19__DMA_HandleTypeDef)
    i._ZN42_INTERNAL_20_stm32f1xx_hal_uart_c_d497114f27UART_WaitOnFlagUntilTimeoutEP20__UART_HandleTypeDefj10FlagStatusjj 0x08002200   Section        0  stm32f1xx_hal_uart.o(i._ZN42_INTERNAL_20_stm32f1xx_hal_uart_c_d497114f27UART_WaitOnFlagUntilTimeoutEP20__UART_HandleTypeDefj10FlagStatusjj)
    [local to stm32f1xx_hal_uart_c]::UART_WaitOnFlagUntilTimeout(__UART_HandleTypeDef*, unsigned, FlagStatus, unsigned, unsigned) 0x08002201   Thumb Code   114  stm32f1xx_hal_uart.o(i._ZN42_INTERNAL_20_stm32f1xx_hal_uart_c_d497114f27UART_WaitOnFlagUntilTimeoutEP20__UART_HandleTypeDefj10FlagStatusjj)
    i._ZN44_INTERNAL_22_stm32f1xx_hal_cortex_c_2992dbc018__NVIC_SetPriorityE9IRQn_Typej 0x08002272   Section        0  stm32f1xx_hal_cortex.o(i._ZN44_INTERNAL_22_stm32f1xx_hal_cortex_c_2992dbc018__NVIC_SetPriorityE9IRQn_Typej)
    [local to stm32f1xx_hal_cortex_c]::__NVIC_SetPriority(IRQn_Type, unsigned) 0x08002273   Thumb Code    32  stm32f1xx_hal_cortex.o(i._ZN44_INTERNAL_22_stm32f1xx_hal_cortex_c_2992dbc018__NVIC_SetPriorityE9IRQn_Typej)
    i.main                                   0x08002294   Section        0  main.o(i.main)
    locale$$code                             0x08002304   Section       44  lc_ctype_c.o(locale$$code)
    .constdata                               0x08002330   Section       18  stm32f1xx_hal_rcc.o(.constdata)
    HAL_RCC_GetSysClockFreq::aPredivFactorTable 0x08002330   Data           2  stm32f1xx_hal_rcc.o(.constdata)
    HAL_RCC_GetSysClockFreq::aPLLMULFactorTable 0x08002332   Data          16  stm32f1xx_hal_rcc.o(.constdata)
    .constdata                               0x08002342   Section       16  system_stm32f1xx.o(.constdata)
    .constdata                               0x08002352   Section        8  system_stm32f1xx.o(.constdata)
    locale$$data                             0x0800237c   Section      272  lc_ctype_c.o(locale$$data)
    __lcctype_c_name                         0x08002380   Data           2  lc_ctype_c.o(locale$$data)
    __lcctype_c_start                        0x08002388   Data           0  lc_ctype_c.o(locale$$data)
    __lcctype_c_end                          0x0800248c   Data           0  lc_ctype_c.o(locale$$data)
    .data                                    0x20000000   Section        9  main.o(.data)
    .data                                    0x2000000c   Section       12  stm32f1xx_hal.o(.data)
    .data                                    0x20000018   Section        4  system_stm32f1xx.o(.data)
    .bss                                     0x2000001c   Section       20  main.o(.bss)
    .bss                                     0x20000030   Section       72  tim.o(.bss)
    .bss                                     0x20000078   Section      208  usart.o(.bss)
    .bss                                     0x20000148   Section       96  libspace.o(.bss)
    HEAP                                     0x200001a8   Section      512  startup_stm32f103xb.o(HEAP)
    Heap_Mem                                 0x200001a8   Data         512  startup_stm32f103xb.o(HEAP)
    STACK                                    0x200003a8   Section     1024  startup_stm32f103xb.o(STACK)
    Stack_Mem                                0x200003a8   Data        1024  startup_stm32f103xb.o(STACK)
    __initial_sp                             0x200007a8   Data           0  startup_stm32f103xb.o(STACK)

    Global Symbols

    Symbol Name                              Value     Ov Type        Size  Object(Section)

    BuildAttributes$$THM_ISAv4$P$D$K$B$S$PE$A:L22UL41UL21$X:L11$S22US41US21$IEEE1$IW$USESV6$~STKCKD$USESV7$~SHL$OSPACE$ROPI$EBA8$UX$STANDARDLIB$REQ8$PRES8$EABIv2 0x00000000   Number         0  anon$$obj.o ABSOLUTE
    __ARM_use_no_argv                        0x00000000   Number         0  main.o ABSOLUTE
    _printf_flags                            0x00000000   Number         0  printf_stubs.o ABSOLUTE
    _printf_return_value                     0x00000000   Number         0  printf_stubs.o ABSOLUTE
    _printf_sizespec                         0x00000000   Number         0  printf_stubs.o ABSOLUTE
    _printf_widthprec                        0x00000000   Number         0  printf_stubs.o ABSOLUTE
    __ARM_exceptions_init                     - Undefined Weak Reference
    __alloca_initialize                       - Undefined Weak Reference
    __arm_preinit_                            - Undefined Weak Reference
    __cpp_initialize__aeabi_                  - Undefined Weak Reference
    __cxa_finalize                            - Undefined Weak Reference
    __sigvec_lookup                           - Undefined Weak Reference
    _atexit_init                              - Undefined Weak Reference
    _call_atexit_fns                          - Undefined Weak Reference
    _clock_init                               - Undefined Weak Reference
    _fp_trap_init                             - Undefined Weak Reference
    _fp_trap_shutdown                         - Undefined Weak Reference
    _get_lc_collate                           - Undefined Weak Reference
    _get_lc_monetary                          - Undefined Weak Reference
    _get_lc_numeric                           - Undefined Weak Reference
    _get_lc_time                              - Undefined Weak Reference
    _getenv_init                              - Undefined Weak Reference
    _handle_redirection                       - Undefined Weak Reference
    _init_alloc                               - Undefined Weak Reference
    _init_user_alloc                          - Undefined Weak Reference
    _initio                                   - Undefined Weak Reference
    _printf_post_padding                      - Undefined Weak Reference
    _printf_pre_padding                       - Undefined Weak Reference
    _printf_truncate_signed                   - Undefined Weak Reference
    _printf_truncate_unsigned                 - Undefined Weak Reference
    _rand_init                                - Undefined Weak Reference
    _signal_finish                            - Undefined Weak Reference
    _signal_init                              - Undefined Weak Reference
    _terminate_alloc                          - Undefined Weak Reference
    _terminate_user_alloc                     - Undefined Weak Reference
    _terminateio                              - Undefined Weak Reference
    __Vectors_Size                           0x000000ec   Number         0  startup_stm32f103xb.o ABSOLUTE
    __Vectors                                0x08000000   Data           4  startup_stm32f103xb.o(RESET)
    __Vectors_End                            0x080000ec   Data           0  startup_stm32f103xb.o(RESET)
    __main                                   0x080000ed   Thumb Code     8  __main.o(!!!main)
    __scatterload                            0x080000f5   Thumb Code     0  __scatter.o(!!!scatter)
    __scatterload_rt2                        0x080000f5   Thumb Code    44  __scatter.o(!!!scatter)
    __scatterload_rt2_thumb_only             0x080000f5   Thumb Code     0  __scatter.o(!!!scatter)
    __scatterload_null                       0x08000103   Thumb Code     0  __scatter.o(!!!scatter)
    __scatterload_copy                       0x08000129   Thumb Code    26  __scatter_copy.o(!!handler_copy)
    __scatterload_zeroinit                   0x08000145   Thumb Code    28  __scatter_zi.o(!!handler_zi)
    _printf_d                                0x08000161   Thumb Code     0  _printf_d.o(.ARM.Collect$$_printf_percent$$00000009)
    _printf_percent                          0x08000161   Thumb Code     0  _printf_percent.o(.ARM.Collect$$_printf_percent$$00000000)
    _printf_percent_end                      0x08000167   Thumb Code     0  _printf_percent_end.o(.ARM.Collect$$_printf_percent$$00000017)
    __rt_lib_init                            0x0800016b   Thumb Code     0  libinit.o(.ARM.Collect$$libinit$$00000000)
    __rt_lib_init_fp_1                       0x0800016d   Thumb Code     0  libinit2.o(.ARM.Collect$$libinit$$00000002)
    __rt_lib_init_heap_1                     0x0800016d   Thumb Code     0  libinit2.o(.ARM.Collect$$libinit$$0000000A)
    __rt_lib_init_lc_common                  0x0800016d   Thumb Code     0  libinit2.o(.ARM.Collect$$libinit$$0000000F)
    __rt_lib_init_preinit_1                  0x0800016d   Thumb Code     0  libinit2.o(.ARM.Collect$$libinit$$00000004)
    __rt_lib_init_rand_1                     0x0800016d   Thumb Code     0  libinit2.o(.ARM.Collect$$libinit$$0000000E)
    __rt_lib_init_user_alloc_1               0x0800016d   Thumb Code     0  libinit2.o(.ARM.Collect$$libinit$$0000000C)
    __rt_lib_init_lc_collate_1               0x08000173   Thumb Code     0  libinit2.o(.ARM.Collect$$libinit$$00000011)
    __rt_lib_init_lc_ctype_2                 0x08000173   Thumb Code     0  libinit2.o(.ARM.Collect$$libinit$$00000012)
    __rt_lib_init_alloca_1                   0x0800017f   Thumb Code     0  libinit2.o(.ARM.Collect$$libinit$$0000002E)
    __rt_lib_init_argv_1                     0x0800017f   Thumb Code     0  libinit2.o(.ARM.Collect$$libinit$$0000002C)
    __rt_lib_init_atexit_1                   0x0800017f   Thumb Code     0  libinit2.o(.ARM.Collect$$libinit$$0000001B)
    __rt_lib_init_clock_1                    0x0800017f   Thumb Code     0  libinit2.o(.ARM.Collect$$libinit$$00000021)
    __rt_lib_init_cpp_1                      0x0800017f   Thumb Code     0  libinit2.o(.ARM.Collect$$libinit$$00000032)
    __rt_lib_init_exceptions_1               0x0800017f   Thumb Code     0  libinit2.o(.ARM.Collect$$libinit$$00000030)
    __rt_lib_init_fp_trap_1                  0x0800017f   Thumb Code     0  libinit2.o(.ARM.Collect$$libinit$$0000001F)
    __rt_lib_init_getenv_1                   0x0800017f   Thumb Code     0  libinit2.o(.ARM.Collect$$libinit$$00000023)
    __rt_lib_init_lc_ctype_1                 0x0800017f   Thumb Code     0  libinit2.o(.ARM.Collect$$libinit$$00000013)
    __rt_lib_init_lc_monetary_1              0x0800017f   Thumb Code     0  libinit2.o(.ARM.Collect$$libinit$$00000015)
    __rt_lib_init_lc_numeric_1               0x0800017f   Thumb Code     0  libinit2.o(.ARM.Collect$$libinit$$00000017)
    __rt_lib_init_lc_time_1                  0x0800017f   Thumb Code     0  libinit2.o(.ARM.Collect$$libinit$$00000019)
    __rt_lib_init_return                     0x0800017f   Thumb Code     0  libinit2.o(.ARM.Collect$$libinit$$00000033)
    __rt_lib_init_signal_1                   0x0800017f   Thumb Code     0  libinit2.o(.ARM.Collect$$libinit$$0000001D)
    __rt_lib_init_stdio_1                    0x0800017f   Thumb Code     0  libinit2.o(.ARM.Collect$$libinit$$00000025)
    __rt_lib_shutdown                        0x08000181   Thumb Code     0  libshutdown.o(.ARM.Collect$$libshutdown$$00000000)
    __rt_lib_shutdown_fp_trap_1              0x08000183   Thumb Code     0  libshutdown2.o(.ARM.Collect$$libshutdown$$00000006)
    __rt_lib_shutdown_heap_1                 0x08000183   Thumb Code     0  libshutdown2.o(.ARM.Collect$$libshutdown$$0000000E)
    __rt_lib_shutdown_return                 0x08000183   Thumb Code     0  libshutdown2.o(.ARM.Collect$$libshutdown$$0000000F)
    __rt_lib_shutdown_signal_1               0x08000183   Thumb Code     0  libshutdown2.o(.ARM.Collect$$libshutdown$$00000009)
    __rt_lib_shutdown_stdio_1                0x08000183   Thumb Code     0  libshutdown2.o(.ARM.Collect$$libshutdown$$00000003)
    __rt_lib_shutdown_user_alloc_1           0x08000183   Thumb Code     0  libshutdown2.o(.ARM.Collect$$libshutdown$$0000000B)
    __rt_entry                               0x08000185   Thumb Code     0  __rtentry.o(.ARM.Collect$$rtentry$$00000000)
    __rt_entry_presh_1                       0x08000185   Thumb Code     0  __rtentry2.o(.ARM.Collect$$rtentry$$00000002)
    __rt_entry_sh                            0x08000185   Thumb Code     0  __rtentry4.o(.ARM.Collect$$rtentry$$00000004)
    __rt_entry_li                            0x0800018b   Thumb Code     0  __rtentry2.o(.ARM.Collect$$rtentry$$0000000A)
    __rt_entry_postsh_1                      0x0800018b   Thumb Code     0  __rtentry2.o(.ARM.Collect$$rtentry$$00000009)
    __rt_entry_main                          0x0800018f   Thumb Code     0  __rtentry2.o(.ARM.Collect$$rtentry$$0000000D)
    __rt_entry_postli_1                      0x0800018f   Thumb Code     0  __rtentry2.o(.ARM.Collect$$rtentry$$0000000C)
    __rt_exit                                0x08000197   Thumb Code     0  rtexit.o(.ARM.Collect$$rtexit$$00000000)
    __rt_exit_ls                             0x08000199   Thumb Code     0  rtexit2.o(.ARM.Collect$$rtexit$$00000003)
    __rt_exit_prels_1                        0x08000199   Thumb Code     0  rtexit2.o(.ARM.Collect$$rtexit$$00000002)
    __rt_exit_exit                           0x0800019d   Thumb Code     0  rtexit2.o(.ARM.Collect$$rtexit$$00000004)
    Reset_Handler                            0x080001a5   Thumb Code     8  startup_stm32f103xb.o(.text)
    ADC1_2_IRQHandler                        0x080001bf   Thumb Code     0  startup_stm32f103xb.o(.text)
    CAN1_RX1_IRQHandler                      0x080001bf   Thumb Code     0  startup_stm32f103xb.o(.text)
    CAN1_SCE_IRQHandler                      0x080001bf   Thumb Code     0  startup_stm32f103xb.o(.text)
    DMA1_Channel1_IRQHandler                 0x080001bf   Thumb Code     0  startup_stm32f103xb.o(.text)
    DMA1_Channel2_IRQHandler                 0x080001bf   Thumb Code     0  startup_stm32f103xb.o(.text)
    DMA1_Channel3_IRQHandler                 0x080001bf   Thumb Code     0  startup_stm32f103xb.o(.text)
    DMA1_Channel6_IRQHandler                 0x080001bf   Thumb Code     0  startup_stm32f103xb.o(.text)
    DMA1_Channel7_IRQHandler                 0x080001bf   Thumb Code     0  startup_stm32f103xb.o(.text)
    EXTI0_IRQHandler                         0x080001bf   Thumb Code     0  startup_stm32f103xb.o(.text)
    EXTI15_10_IRQHandler                     0x080001bf   Thumb Code     0  startup_stm32f103xb.o(.text)
    EXTI1_IRQHandler                         0x080001bf   Thumb Code     0  startup_stm32f103xb.o(.text)
    EXTI2_IRQHandler                         0x080001bf   Thumb Code     0  startup_stm32f103xb.o(.text)
    EXTI3_IRQHandler                         0x080001bf   Thumb Code     0  startup_stm32f103xb.o(.text)
    EXTI4_IRQHandler                         0x080001bf   Thumb Code     0  startup_stm32f103xb.o(.text)
    EXTI9_5_IRQHandler                       0x080001bf   Thumb Code     0  startup_stm32f103xb.o(.text)
    FLASH_IRQHandler                         0x080001bf   Thumb Code     0  startup_stm32f103xb.o(.text)
    I2C1_ER_IRQHandler                       0x080001bf   Thumb Code     0  startup_stm32f103xb.o(.text)
    I2C1_EV_IRQHandler                       0x080001bf   Thumb Code     0  startup_stm32f103xb.o(.text)
    I2C2_ER_IRQHandler                       0x080001bf   Thumb Code     0  startup_stm32f103xb.o(.text)
    I2C2_EV_IRQHandler                       0x080001bf   Thumb Code     0  startup_stm32f103xb.o(.text)
    PVD_IRQHandler                           0x080001bf   Thumb Code     0  startup_stm32f103xb.o(.text)
    RCC_IRQHandler                           0x080001bf   Thumb Code     0  startup_stm32f103xb.o(.text)
    RTC_Alarm_IRQHandler                     0x080001bf   Thumb Code     0  startup_stm32f103xb.o(.text)
    RTC_IRQHandler                           0x080001bf   Thumb Code     0  startup_stm32f103xb.o(.text)
    SPI1_IRQHandler                          0x080001bf   Thumb Code     0  startup_stm32f103xb.o(.text)
    SPI2_IRQHandler                          0x080001bf   Thumb Code     0  startup_stm32f103xb.o(.text)
    TAMPER_IRQHandler                        0x080001bf   Thumb Code     0  startup_stm32f103xb.o(.text)
    TIM1_BRK_IRQHandler                      0x080001bf   Thumb Code     0  startup_stm32f103xb.o(.text)
    TIM1_CC_IRQHandler                       0x080001bf   Thumb Code     0  startup_stm32f103xb.o(.text)
    TIM1_TRG_COM_IRQHandler                  0x080001bf   Thumb Code     0  startup_stm32f103xb.o(.text)
    TIM1_UP_IRQHandler                       0x080001bf   Thumb Code     0  startup_stm32f103xb.o(.text)
    TIM2_IRQHandler                          0x080001bf   Thumb Code     0  startup_stm32f103xb.o(.text)
    TIM3_IRQHandler                          0x080001bf   Thumb Code     0  startup_stm32f103xb.o(.text)
    TIM4_IRQHandler                          0x080001bf   Thumb Code     0  startup_stm32f103xb.o(.text)
    USART2_IRQHandler                        0x080001bf   Thumb Code     0  startup_stm32f103xb.o(.text)
    USART3_IRQHandler                        0x080001bf   Thumb Code     0  startup_stm32f103xb.o(.text)
    USBWakeUp_IRQHandler                     0x080001bf   Thumb Code     0  startup_stm32f103xb.o(.text)
    USB_HP_CAN1_TX_IRQHandler                0x080001bf   Thumb Code     0  startup_stm32f103xb.o(.text)
    USB_LP_CAN1_RX0_IRQHandler               0x080001bf   Thumb Code     0  startup_stm32f103xb.o(.text)
    WWDG_IRQHandler                          0x080001bf   Thumb Code     0  startup_stm32f103xb.o(.text)
    __user_initial_stackheap                 0x080001c1   Thumb Code     0  startup_stm32f103xb.o(.text)
    __2sprintf                               0x080001e5   Thumb Code    38  __2sprintf.o(.text)
    __printf                                 0x08000211   Thumb Code   104  __printf.o(.text)
    _printf_int_dec                          0x08000279   Thumb Code   104  _printf_dec.o(.text)
    atoi                                     0x080002f1   Thumb Code    26  atoi.o(.text)
    __aeabi_memclr4                          0x0800030b   Thumb Code     0  rt_memclr_w.o(.text)
    __aeabi_memclr8                          0x0800030b   Thumb Code     0  rt_memclr_w.o(.text)
    __rt_memclr_w                            0x0800030b   Thumb Code    78  rt_memclr_w.o(.text)
    _memset_w                                0x0800030f   Thumb Code     0  rt_memclr_w.o(.text)
    __use_two_region_memory                  0x08000359   Thumb Code     2  heapauxi.o(.text)
    __rt_heap_escrow$2region                 0x0800035b   Thumb Code     2  heapauxi.o(.text)
    __rt_heap_expand$2region                 0x0800035d   Thumb Code     2  heapauxi.o(.text)
    __aeabi_errno_addr                       0x08000361   Thumb Code     8  rt_errno_addr_intlibspace.o(.text)
    __errno$intlibspace                      0x08000361   Thumb Code     0  rt_errno_addr_intlibspace.o(.text)
    __rt_errno_addr$intlibspace              0x08000361   Thumb Code     0  rt_errno_addr_intlibspace.o(.text)
    _printf_int_common                       0x08000369   Thumb Code   178  _printf_intcommon.o(.text)
    _printf_char_common                      0x08000427   Thumb Code    32  _printf_char_common.o(.text)
    _sputc                                   0x0800044d   Thumb Code    10  _sputc.o(.text)
    strtol                                   0x08000457   Thumb Code   112  strtol.o(.text)
    __user_libspace                          0x080004c9   Thumb Code     8  libspace.o(.text)
    __user_perproc_libspace                  0x080004c9   Thumb Code     0  libspace.o(.text)
    __user_perthread_libspace                0x080004c9   Thumb Code     0  libspace.o(.text)
    __rt_ctype_table                         0x080004d1   Thumb Code    16  rt_ctype_table.o(.text)
    _strtoul                                 0x080004e1   Thumb Code   158  _strtoul.o(.text)
    __user_setup_stackheap                   0x0800057f   Thumb Code    74  sys_stackheap_outer.o(.text)
    __rt_locale                              0x080005c9   Thumb Code     8  rt_locale_intlibspace.o(.text)
    _chval                                   0x080005d1   Thumb Code    28  _chval.o(.text)
    exit                                     0x080005ed   Thumb Code    12  exit.o(.text)
    strcmp                                   0x080005f9   Thumb Code   128  strcmpv7m.o(.text)
    _sys_exit                                0x08000679   Thumb Code     8  sys_exit.o(.text)
    __I$use$semihosting                      0x08000685   Thumb Code     0  use_no_semi.o(.text)
    __use_no_semihosting_swi                 0x08000685   Thumb Code     2  use_no_semi.o(.text)
    BusFault_Handler                         0x08000687   Thumb Code     2  stm32f1xx_it.o(i.BusFault_Handler)
    __semihosting_library_function           0x08000687   Thumb Code     0  indicate_semi.o(.text)
    DMA1_Channel4_IRQHandler                 0x08000689   Thumb Code     6  stm32f1xx_it.o(i.DMA1_Channel4_IRQHandler)
    DMA1_Channel5_IRQHandler                 0x08000695   Thumb Code     6  stm32f1xx_it.o(i.DMA1_Channel5_IRQHandler)
    DebugMon_Handler                         0x080006a1   Thumb Code     2  stm32f1xx_it.o(i.DebugMon_Handler)
    Error_Handler                            0x080006a3   Thumb Code     4  main.o(i.Error_Handler)
    HAL_DMA_Abort                            0x080006a7   Thumb Code    70  stm32f1xx_hal_dma.o(i.HAL_DMA_Abort)
    HAL_DMA_Abort_IT                         0x080006ed   Thumb Code   148  stm32f1xx_hal_dma.o(i.HAL_DMA_Abort_IT)
    HAL_DMA_IRQHandler                       0x08000785   Thumb Code   316  stm32f1xx_hal_dma.o(i.HAL_DMA_IRQHandler)
    HAL_DMA_Init                             0x080008d9   Thumb Code    84  stm32f1xx_hal_dma.o(i.HAL_DMA_Init)
    HAL_DMA_Start_IT                         0x08000935   Thumb Code   112  stm32f1xx_hal_dma.o(i.HAL_DMA_Start_IT)
    HAL_Delay                                0x080009a5   Thumb Code    32  stm32f1xx_hal.o(i.HAL_Delay)
    HAL_GPIO_Init                            0x080009c9   Thumb Code   446  stm32f1xx_hal_gpio.o(i.HAL_GPIO_Init)
    HAL_GPIO_WritePin                        0x08000ba9   Thumb Code    10  stm32f1xx_hal_gpio.o(i.HAL_GPIO_WritePin)
    HAL_GetTick                              0x08000bb5   Thumb Code     6  stm32f1xx_hal.o(i.HAL_GetTick)
    HAL_IncTick                              0x08000bc1   Thumb Code    12  stm32f1xx_hal.o(i.HAL_IncTick)
    HAL_Init                                 0x08000bd1   Thumb Code    32  stm32f1xx_hal.o(i.HAL_Init)
    HAL_InitTick                             0x08000bf5   Thumb Code    54  stm32f1xx_hal.o(i.HAL_InitTick)
    HAL_MspInit                              0x08000c35   Thumb Code    52  stm32f1xx_hal_msp.o(i.HAL_MspInit)
    HAL_NVIC_EnableIRQ                       0x08000c71   Thumb Code    26  stm32f1xx_hal_cortex.o(i.HAL_NVIC_EnableIRQ)
    HAL_NVIC_SetPriority                     0x08000c8d   Thumb Code    60  stm32f1xx_hal_cortex.o(i.HAL_NVIC_SetPriority)
    HAL_NVIC_SetPriorityGrouping             0x08000ccd   Thumb Code    26  stm32f1xx_hal_cortex.o(i.HAL_NVIC_SetPriorityGrouping)
    HAL_RCC_ClockConfig                      0x08000cf1   Thumb Code   280  stm32f1xx_hal_rcc.o(i.HAL_RCC_ClockConfig)
    HAL_RCC_GetPCLK1Freq                     0x08000e1d   Thumb Code    20  stm32f1xx_hal_rcc.o(i.HAL_RCC_GetPCLK1Freq)
    HAL_RCC_GetPCLK2Freq                     0x08000e3d   Thumb Code    20  stm32f1xx_hal_rcc.o(i.HAL_RCC_GetPCLK2Freq)
    HAL_RCC_GetSysClockFreq                  0x08000e5d   Thumb Code    60  stm32f1xx_hal_rcc.o(i.HAL_RCC_GetSysClockFreq)
    HAL_RCC_OscConfig                        0x08000ea9   Thumb Code   778  stm32f1xx_hal_rcc.o(i.HAL_RCC_OscConfig)
    HAL_SYSTICK_Config                       0x080011c9   Thumb Code    40  stm32f1xx_hal_cortex.o(i.HAL_SYSTICK_Config)
    HAL_TIMEx_MasterConfigSynchronization    0x080011f1   Thumb Code    92  stm32f1xx_hal_tim_ex.o(i.HAL_TIMEx_MasterConfigSynchronization)
    HAL_TIM_MspPostInit                      0x08001259   Thumb Code    62  tim.o(i.HAL_TIM_MspPostInit)
    HAL_TIM_PWM_ConfigChannel                0x080012a1   Thumb Code   204  stm32f1xx_hal_tim.o(i.HAL_TIM_PWM_ConfigChannel)
    HAL_TIM_PWM_Init                         0x0800136d   Thumb Code    90  stm32f1xx_hal_tim.o(i.HAL_TIM_PWM_Init)
    HAL_TIM_PWM_MspInit                      0x080013c9   Thumb Code    30  tim.o(i.HAL_TIM_PWM_MspInit)
    HAL_TIM_PWM_Start                        0x080013ed   Thumb Code   144  stm32f1xx_hal_tim.o(i.HAL_TIM_PWM_Start)
    HAL_UARTEx_RxEventCallback               0x08001489   Thumb Code     2  stm32f1xx_hal_uart.o(i.HAL_UARTEx_RxEventCallback)
    HAL_UART_ErrorCallback                   0x0800148b   Thumb Code     2  stm32f1xx_hal_uart.o(i.HAL_UART_ErrorCallback)
    HAL_UART_IRQHandler                      0x0800148d   Thumb Code   616  stm32f1xx_hal_uart.o(i.HAL_UART_IRQHandler)
    HAL_UART_Init                            0x080016f9   Thumb Code   100  stm32f1xx_hal_uart.o(i.HAL_UART_Init)
    HAL_UART_MspInit                         0x0800175d   Thumb Code   198  usart.o(i.HAL_UART_MspInit)
    HAL_UART_Receive_DMA                     0x08001839   Thumb Code    28  stm32f1xx_hal_uart.o(i.HAL_UART_Receive_DMA)
    HAL_UART_RxCpltCallback                  0x08001855   Thumb Code   130  main.o(i.HAL_UART_RxCpltCallback)
    HAL_UART_RxHalfCpltCallback              0x08001905   Thumb Code     2  stm32f1xx_hal_uart.o(i.HAL_UART_RxHalfCpltCallback)
    HAL_UART_Transmit                        0x08001907   Thumb Code   160  stm32f1xx_hal_uart.o(i.HAL_UART_Transmit)
    HAL_UART_Transmit_DMA                    0x080019a9   Thumb Code   106  stm32f1xx_hal_uart.o(i.HAL_UART_Transmit_DMA)
    HAL_UART_TxCpltCallback                  0x08001a21   Thumb Code    14  main.o(i.HAL_UART_TxCpltCallback)
    HAL_UART_TxHalfCpltCallback              0x08001a39   Thumb Code     2  stm32f1xx_hal_uart.o(i.HAL_UART_TxHalfCpltCallback)
    HardFault_Handler                        0x08001a3b   Thumb Code     2  stm32f1xx_it.o(i.HardFault_Handler)
    MX_DMA_Init                              0x08001a3d   Thumb Code    56  dma.o(i.MX_DMA_Init)
    MX_GPIO_Init                             0x08001a79   Thumb Code   104  gpio.o(i.MX_GPIO_Init)
    MX_TIM2_Init                             0x08001ae9   Thumb Code   110  tim.o(i.MX_TIM2_Init)
    MX_USART1_UART_Init                      0x08001b5d   Thumb Code    48  usart.o(i.MX_USART1_UART_Init)
    MemManage_Handler                        0x08001b95   Thumb Code     2  stm32f1xx_it.o(i.MemManage_Handler)
    NMI_Handler                              0x08001b97   Thumb Code     2  stm32f1xx_it.o(i.NMI_Handler)
    PendSV_Handler                           0x08001b99   Thumb Code     2  stm32f1xx_it.o(i.PendSV_Handler)
    SVC_Handler                              0x08001b9b   Thumb Code     2  stm32f1xx_it.o(i.SVC_Handler)
    SysTick_Handler                          0x08001b9d   Thumb Code     4  stm32f1xx_it.o(i.SysTick_Handler)
    SystemInit                               0x08001ba1   Thumb Code     2  system_stm32f1xx.o(i.SystemInit)
    TIM_Base_SetConfig                       0x08001ba5   Thumb Code   108  stm32f1xx_hal_tim.o(i.TIM_Base_SetConfig)
    TIM_CCxChannelCmd                        0x08001c1d   Thumb Code    26  stm32f1xx_hal_tim.o(i.TIM_CCxChannelCmd)
    TIM_OC2_SetConfig                        0x08001c39   Thumb Code    84  stm32f1xx_hal_tim.o(i.TIM_OC2_SetConfig)
    UART_Start_Receive_DMA                   0x08001c91   Thumb Code   130  stm32f1xx_hal_uart.o(i.UART_Start_Receive_DMA)
    USART1_IRQHandler                        0x08001d21   Thumb Code     6  stm32f1xx_it.o(i.USART1_IRQHandler)
    UsageFault_Handler                       0x08001d2d   Thumb Code     2  stm32f1xx_it.o(i.UsageFault_Handler)
    Servo_SetAngle(unsigned char)            0x08001d31   Thumb Code    36  servo.o(i._Z14Servo_SetAngleh)
    SystemClock_Config()                     0x08001d5d   Thumb Code    94  main.o(i._Z18SystemClock_Configv)
    main                                     0x08002295   Thumb Code    82  main.o(i.main)
    _get_lc_ctype                            0x08002305   Thumb Code    44  lc_ctype_c.o(locale$$code)
    AHBPrescTable                            0x08002342   Data          16  system_stm32f1xx.o(.constdata)
    APBPrescTable                            0x08002352   Data           8  system_stm32f1xx.o(.constdata)
    Region$$Table$$Base                      0x0800235c   Number         0  anon$$obj.o(Region$$Table)
    Region$$Table$$Limit                     0x0800237c   Number         0  anon$$obj.o(Region$$Table)
    __ctype                                  0x08002389   Data           0  lc_ctype_c.o(locale$$data)
    currentAngle                             0x20000000   Data           1  main.o(.data)
    uart_tx_busy                             0x20000001   Data           1  main.o(.data)
    RxData                                   0x20000002   Data           7  main.o(.data)
    uwTickFreq                               0x2000000c   Data           1  stm32f1xx_hal.o(.data)
    uwTickPrio                               0x20000010   Data           4  stm32f1xx_hal.o(.data)
    uwTick                                   0x20000014   Data           4  stm32f1xx_hal.o(.data)
    SystemCoreClock                          0x20000018   Data           4  system_stm32f1xx.o(.data)
    TxData                                   0x2000001c   Data          20  main.o(.bss)
    htim2                                    0x20000030   Data          72  tim.o(.bss)
    huart1                                   0x20000078   Data          72  usart.o(.bss)
    hdma_usart1_rx                           0x200000c0   Data          68  usart.o(.bss)
    hdma_usart1_tx                           0x20000104   Data          68  usart.o(.bss)
    __libspace_start                         0x20000148   Data          96  libspace.o(.bss)
    __temporary_stack_top$libspace           0x200001a8   Data           0  libspace.o(.bss)



==============================================================================

Memory Map of the image

  Image Entry point : 0x080000ed

  Load Region LR_IROM1 (Base: 0x08000000, Size: 0x000024a8, Max: 0x00010000, ABSOLUTE)

    Execution Region ER_IROM1 (Exec base: 0x08000000, Load base: 0x08000000, Size: 0x0000248c, Max: 0x00010000, ABSOLUTE)

    Exec Addr    Load Addr    Size         Type   Attr      Idx    E Section Name        Object

    0x08000000   0x08000000   0x000000ec   Data   RO            3    RESET               startup_stm32f103xb.o
    0x080000ec   0x080000ec   0x00000008   Code   RO         3270  * !!!main             c_w.l(__main.o)
    0x080000f4   0x080000f4   0x00000034   Code   RO         3458    !!!scatter          c_w.l(__scatter.o)
    0x08000128   0x08000128   0x0000001a   Code   RO         3460    !!handler_copy      c_w.l(__scatter_copy.o)
    0x08000142   0x08000142   0x00000002   PAD
    0x08000144   0x08000144   0x0000001c   Code   RO         3462    !!handler_zi        c_w.l(__scatter_zi.o)
    0x08000160   0x08000160   0x00000000   Code   RO         3263    .ARM.Collect$$_printf_percent$$00000000  c_w.l(_printf_percent.o)
    0x08000160   0x08000160   0x00000006   Code   RO         3262    .ARM.Collect$$_printf_percent$$00000009  c_w.l(_printf_d.o)
    0x08000166   0x08000166   0x00000004   Code   RO         3284    .ARM.Collect$$_printf_percent$$00000017  c_w.l(_printf_percent_end.o)
    0x0800016a   0x0800016a   0x00000002   Code   RO         3330    .ARM.Collect$$libinit$$00000000  c_w.l(libinit.o)
    0x0800016c   0x0800016c   0x00000000   Code   RO         3336    .ARM.Collect$$libinit$$00000002  c_w.l(libinit2.o)
    0x0800016c   0x0800016c   0x00000000   Code   RO         3338    .ARM.Collect$$libinit$$00000004  c_w.l(libinit2.o)
    0x0800016c   0x0800016c   0x00000000   Code   RO         3341    .ARM.Collect$$libinit$$0000000A  c_w.l(libinit2.o)
    0x0800016c   0x0800016c   0x00000000   Code   RO         3343    .ARM.Collect$$libinit$$0000000C  c_w.l(libinit2.o)
    0x0800016c   0x0800016c   0x00000000   Code   RO         3345    .ARM.Collect$$libinit$$0000000E  c_w.l(libinit2.o)
    0x0800016c   0x0800016c   0x00000006   Code   RO         3346    .ARM.Collect$$libinit$$0000000F  c_w.l(libinit2.o)
    0x08000172   0x08000172   0x00000000   Code   RO         3348    .ARM.Collect$$libinit$$00000011  c_w.l(libinit2.o)
    0x08000172   0x08000172   0x0000000c   Code   RO         3349    .ARM.Collect$$libinit$$00000012  c_w.l(libinit2.o)
    0x0800017e   0x0800017e   0x00000000   Code   RO         3350    .ARM.Collect$$libinit$$00000013  c_w.l(libinit2.o)
    0x0800017e   0x0800017e   0x00000000   Code   RO         3352    .ARM.Collect$$libinit$$00000015  c_w.l(libinit2.o)
    0x0800017e   0x0800017e   0x00000000   Code   RO         3354    .ARM.Collect$$libinit$$00000017  c_w.l(libinit2.o)
    0x0800017e   0x0800017e   0x00000000   Code   RO         3356    .ARM.Collect$$libinit$$00000019  c_w.l(libinit2.o)
    0x0800017e   0x0800017e   0x00000000   Code   RO         3358    .ARM.Collect$$libinit$$0000001B  c_w.l(libinit2.o)
    0x0800017e   0x0800017e   0x00000000   Code   RO         3360    .ARM.Collect$$libinit$$0000001D  c_w.l(libinit2.o)
    0x0800017e   0x0800017e   0x00000000   Code   RO         3362    .ARM.Collect$$libinit$$0000001F  c_w.l(libinit2.o)
    0x0800017e   0x0800017e   0x00000000   Code   RO         3364    .ARM.Collect$$libinit$$00000021  c_w.l(libinit2.o)
    0x0800017e   0x0800017e   0x00000000   Code   RO         3366    .ARM.Collect$$libinit$$00000023  c_w.l(libinit2.o)
    0x0800017e   0x0800017e   0x00000000   Code   RO         3368    .ARM.Collect$$libinit$$00000025  c_w.l(libinit2.o)
    0x0800017e   0x0800017e   0x00000000   Code   RO         3372    .ARM.Collect$$libinit$$0000002C  c_w.l(libinit2.o)
    0x0800017e   0x0800017e   0x00000000   Code   RO         3374    .ARM.Collect$$libinit$$0000002E  c_w.l(libinit2.o)
    0x0800017e   0x0800017e   0x00000000   Code   RO         3376    .ARM.Collect$$libinit$$00000030  c_w.l(libinit2.o)
    0x0800017e   0x0800017e   0x00000000   Code   RO         3378    .ARM.Collect$$libinit$$00000032  c_w.l(libinit2.o)
    0x0800017e   0x0800017e   0x00000002   Code   RO         3379    .ARM.Collect$$libinit$$00000033  c_w.l(libinit2.o)
    0x08000180   0x08000180   0x00000002   Code   RO         3399    .ARM.Collect$$libshutdown$$00000000  c_w.l(libshutdown.o)
    0x08000182   0x08000182   0x00000000   Code   RO         3413    .ARM.Collect$$libshutdown$$00000003  c_w.l(libshutdown2.o)
    0x08000182   0x08000182   0x00000000   Code   RO         3416    .ARM.Collect$$libshutdown$$00000006  c_w.l(libshutdown2.o)
    0x08000182   0x08000182   0x00000000   Code   RO         3419    .ARM.Collect$$libshutdown$$00000009  c_w.l(libshutdown2.o)
    0x08000182   0x08000182   0x00000000   Code   RO         3421    .ARM.Collect$$libshutdown$$0000000B  c_w.l(libshutdown2.o)
    0x08000182   0x08000182   0x00000000   Code   RO         3424    .ARM.Collect$$libshutdown$$0000000E  c_w.l(libshutdown2.o)
    0x08000182   0x08000182   0x00000002   Code   RO         3425    .ARM.Collect$$libshutdown$$0000000F  c_w.l(libshutdown2.o)
    0x08000184   0x08000184   0x00000000   Code   RO         3272    .ARM.Collect$$rtentry$$00000000  c_w.l(__rtentry.o)
    0x08000184   0x08000184   0x00000000   Code   RO         3291    .ARM.Collect$$rtentry$$00000002  c_w.l(__rtentry2.o)
    0x08000184   0x08000184   0x00000006   Code   RO         3303    .ARM.Collect$$rtentry$$00000004  c_w.l(__rtentry4.o)
    0x0800018a   0x0800018a   0x00000000   Code   RO         3293    .ARM.Collect$$rtentry$$00000009  c_w.l(__rtentry2.o)
    0x0800018a   0x0800018a   0x00000004   Code   RO         3294    .ARM.Collect$$rtentry$$0000000A  c_w.l(__rtentry2.o)
    0x0800018e   0x0800018e   0x00000000   Code   RO         3296    .ARM.Collect$$rtentry$$0000000C  c_w.l(__rtentry2.o)
    0x0800018e   0x0800018e   0x00000008   Code   RO         3297    .ARM.Collect$$rtentry$$0000000D  c_w.l(__rtentry2.o)
    0x08000196   0x08000196   0x00000002   Code   RO         3331    .ARM.Collect$$rtexit$$00000000  c_w.l(rtexit.o)
    0x08000198   0x08000198   0x00000000   Code   RO         3381    .ARM.Collect$$rtexit$$00000002  c_w.l(rtexit2.o)
    0x08000198   0x08000198   0x00000004   Code   RO         3382    .ARM.Collect$$rtexit$$00000003  c_w.l(rtexit2.o)
    0x0800019c   0x0800019c   0x00000006   Code   RO         3383    .ARM.Collect$$rtexit$$00000004  c_w.l(rtexit2.o)
    0x080001a2   0x080001a2   0x00000002   PAD
    0x080001a4   0x080001a4   0x00000040   Code   RO            4    .text               startup_stm32f103xb.o
    0x080001e4   0x080001e4   0x0000002c   Code   RO         3234    .text               c_w.l(__2sprintf.o)
    0x08000210   0x08000210   0x00000068   Code   RO         3238    .text               c_w.l(__printf.o)
    0x08000278   0x08000278   0x00000078   Code   RO         3240    .text               c_w.l(_printf_dec.o)
    0x080002f0   0x080002f0   0x0000001a   Code   RO         3264    .text               c_w.l(atoi.o)
    0x0800030a   0x0800030a   0x0000004e   Code   RO         3266    .text               c_w.l(rt_memclr_w.o)
    0x08000358   0x08000358   0x00000006   Code   RO         3268    .text               c_w.l(heapauxi.o)
    0x0800035e   0x0800035e   0x00000002   PAD
    0x08000360   0x08000360   0x00000008   Code   RO         3276    .text               c_w.l(rt_errno_addr_intlibspace.o)
    0x08000368   0x08000368   0x000000b2   Code   RO         3278    .text               c_w.l(_printf_intcommon.o)
    0x0800041a   0x0800041a   0x00000002   PAD
    0x0800041c   0x0800041c   0x00000030   Code   RO         3280    .text               c_w.l(_printf_char_common.o)
    0x0800044c   0x0800044c   0x0000000a   Code   RO         3282    .text               c_w.l(_sputc.o)
    0x08000456   0x08000456   0x00000070   Code   RO         3285    .text               c_w.l(strtol.o)
    0x080004c6   0x080004c6   0x00000002   PAD
    0x080004c8   0x080004c8   0x00000008   Code   RO         3287    .text               c_w.l(libspace.o)
    0x080004d0   0x080004d0   0x00000010   Code   RO         3305    .text               c_w.l(rt_ctype_table.o)
    0x080004e0   0x080004e0   0x0000009e   Code   RO         3309    .text               c_w.l(_strtoul.o)
    0x0800057e   0x0800057e   0x0000004a   Code   RO         3311    .text               c_w.l(sys_stackheap_outer.o)
    0x080005c8   0x080005c8   0x00000008   Code   RO         3316    .text               c_w.l(rt_locale_intlibspace.o)
    0x080005d0   0x080005d0   0x0000001c   Code   RO         3318    .text               c_w.l(_chval.o)
    0x080005ec   0x080005ec   0x0000000c   Code   RO         3323    .text               c_w.l(exit.o)
    0x080005f8   0x080005f8   0x00000080   Code   RO         3333    .text               c_w.l(strcmpv7m.o)
    0x08000678   0x08000678   0x0000000c   Code   RO         3391    .text               c_w.l(sys_exit.o)
    0x08000684   0x08000684   0x00000002   Code   RO         3402    .text               c_w.l(use_no_semi.o)
    0x08000686   0x08000686   0x00000000   Code   RO         3404    .text               c_w.l(indicate_semi.o)
    0x08000686   0x08000686   0x00000002   Code   RO          333    i.BusFault_Handler  stm32f1xx_it.o
    0x08000688   0x08000688   0x0000000c   Code   RO          334    i.DMA1_Channel4_IRQHandler  stm32f1xx_it.o
    0x08000694   0x08000694   0x0000000c   Code   RO          335    i.DMA1_Channel5_IRQHandler  stm32f1xx_it.o
    0x080006a0   0x080006a0   0x00000002   Code   RO          336    i.DebugMon_Handler  stm32f1xx_it.o
    0x080006a2   0x080006a2   0x00000004   Code   RO           13    i.Error_Handler     main.o
    0x080006a6   0x080006a6   0x00000046   Code   RO         2091    i.HAL_DMA_Abort     stm32f1xx_hal_dma.o
    0x080006ec   0x080006ec   0x00000098   Code   RO         2092    i.HAL_DMA_Abort_IT  stm32f1xx_hal_dma.o
    0x08000784   0x08000784   0x00000154   Code   RO         2096    i.HAL_DMA_IRQHandler  stm32f1xx_hal_dma.o
    0x080008d8   0x080008d8   0x0000005c   Code   RO         2097    i.HAL_DMA_Init      stm32f1xx_hal_dma.o
    0x08000934   0x08000934   0x00000070   Code   RO         2100    i.HAL_DMA_Start_IT  stm32f1xx_hal_dma.o
    0x080009a4   0x080009a4   0x00000024   Code   RO         1668    i.HAL_Delay         stm32f1xx_hal.o
    0x080009c8   0x080009c8   0x000001e0   Code   RO         2020    i.HAL_GPIO_Init     stm32f1xx_hal_gpio.o
    0x08000ba8   0x08000ba8   0x0000000a   Code   RO         2024    i.HAL_GPIO_WritePin  stm32f1xx_hal_gpio.o
    0x08000bb2   0x08000bb2   0x00000002   PAD
    0x08000bb4   0x08000bb4   0x0000000c   Code   RO         1672    i.HAL_GetTick       stm32f1xx_hal.o
    0x08000bc0   0x08000bc0   0x00000010   Code   RO         1678    i.HAL_IncTick       stm32f1xx_hal.o
    0x08000bd0   0x08000bd0   0x00000024   Code   RO         1679    i.HAL_Init          stm32f1xx_hal.o
    0x08000bf4   0x08000bf4   0x00000040   Code   RO         1680    i.HAL_InitTick      stm32f1xx_hal.o
    0x08000c34   0x08000c34   0x0000003c   Code   RO          439    i.HAL_MspInit       stm32f1xx_hal_msp.o
    0x08000c70   0x08000c70   0x0000001a   Code   RO         2201    i.HAL_NVIC_EnableIRQ  stm32f1xx_hal_cortex.o
    0x08000c8a   0x08000c8a   0x00000002   PAD
    0x08000c8c   0x08000c8c   0x00000040   Code   RO         2207    i.HAL_NVIC_SetPriority  stm32f1xx_hal_cortex.o
    0x08000ccc   0x08000ccc   0x00000024   Code   RO         2208    i.HAL_NVIC_SetPriorityGrouping  stm32f1xx_hal_cortex.o
    0x08000cf0   0x08000cf0   0x0000012c   Code   RO         1861    i.HAL_RCC_ClockConfig  stm32f1xx_hal_rcc.o
    0x08000e1c   0x08000e1c   0x00000020   Code   RO         1868    i.HAL_RCC_GetPCLK1Freq  stm32f1xx_hal_rcc.o
    0x08000e3c   0x08000e3c   0x00000020   Code   RO         1869    i.HAL_RCC_GetPCLK2Freq  stm32f1xx_hal_rcc.o
    0x08000e5c   0x08000e5c   0x0000004c   Code   RO         1870    i.HAL_RCC_GetSysClockFreq  stm32f1xx_hal_rcc.o
    0x08000ea8   0x08000ea8   0x00000320   Code   RO         1873    i.HAL_RCC_OscConfig  stm32f1xx_hal_rcc.o
    0x080011c8   0x080011c8   0x00000028   Code   RO         2212    i.HAL_SYSTICK_Config  stm32f1xx_hal_cortex.o
    0x080011f0   0x080011f0   0x00000068   Code   RO         1371    i.HAL_TIMEx_MasterConfigSynchronization  stm32f1xx_hal_tim_ex.o
    0x08001258   0x08001258   0x00000048   Code   RO          236    i.HAL_TIM_MspPostInit  tim.o
    0x080012a0   0x080012a0   0x000000cc   Code   RO          603    i.HAL_TIM_PWM_ConfigChannel  stm32f1xx_hal_tim.o
    0x0800136c   0x0800136c   0x0000005a   Code   RO          606    i.HAL_TIM_PWM_Init  stm32f1xx_hal_tim.o
    0x080013c6   0x080013c6   0x00000002   PAD
    0x080013c8   0x080013c8   0x00000024   Code   RO          238    i.HAL_TIM_PWM_MspInit  tim.o
    0x080013ec   0x080013ec   0x0000009c   Code   RO          611    i.HAL_TIM_PWM_Start  stm32f1xx_hal_tim.o
    0x08001488   0x08001488   0x00000002   Code   RO         2782    i.HAL_UARTEx_RxEventCallback  stm32f1xx_hal_uart.o
    0x0800148a   0x0800148a   0x00000002   Code   RO         2796    i.HAL_UART_ErrorCallback  stm32f1xx_hal_uart.o
    0x0800148c   0x0800148c   0x0000026c   Code   RO         2799    i.HAL_UART_IRQHandler  stm32f1xx_hal_uart.o
    0x080016f8   0x080016f8   0x00000064   Code   RO         2800    i.HAL_UART_Init     stm32f1xx_hal_uart.o
    0x0800175c   0x0800175c   0x000000dc   Code   RO          289    i.HAL_UART_MspInit  usart.o
    0x08001838   0x08001838   0x0000001c   Code   RO         2804    i.HAL_UART_Receive_DMA  stm32f1xx_hal_uart.o
    0x08001854   0x08001854   0x000000b0   Code   RO           14    i.HAL_UART_RxCpltCallback  main.o
    0x08001904   0x08001904   0x00000002   Code   RO         2807    i.HAL_UART_RxHalfCpltCallback  stm32f1xx_hal_uart.o
    0x08001906   0x08001906   0x000000a0   Code   RO         2808    i.HAL_UART_Transmit  stm32f1xx_hal_uart.o
    0x080019a6   0x080019a6   0x00000002   PAD
    0x080019a8   0x080019a8   0x00000078   Code   RO         2809    i.HAL_UART_Transmit_DMA  stm32f1xx_hal_uart.o
    0x08001a20   0x08001a20   0x00000018   Code   RO           15    i.HAL_UART_TxCpltCallback  main.o
    0x08001a38   0x08001a38   0x00000002   Code   RO         2812    i.HAL_UART_TxHalfCpltCallback  stm32f1xx_hal_uart.o
    0x08001a3a   0x08001a3a   0x00000002   Code   RO          337    i.HardFault_Handler  stm32f1xx_it.o
    0x08001a3c   0x08001a3c   0x0000003c   Code   RO          211    i.MX_DMA_Init       dma.o
    0x08001a78   0x08001a78   0x00000070   Code   RO          186    i.MX_GPIO_Init      gpio.o
    0x08001ae8   0x08001ae8   0x00000074   Code   RO          239    i.MX_TIM2_Init      tim.o
    0x08001b5c   0x08001b5c   0x00000038   Code   RO          290    i.MX_USART1_UART_Init  usart.o
    0x08001b94   0x08001b94   0x00000002   Code   RO          338    i.MemManage_Handler  stm32f1xx_it.o
    0x08001b96   0x08001b96   0x00000002   Code   RO          339    i.NMI_Handler       stm32f1xx_it.o
    0x08001b98   0x08001b98   0x00000002   Code   RO          340    i.PendSV_Handler    stm32f1xx_it.o
    0x08001b9a   0x08001b9a   0x00000002   Code   RO          341    i.SVC_Handler       stm32f1xx_it.o
    0x08001b9c   0x08001b9c   0x00000004   Code   RO          342    i.SysTick_Handler   stm32f1xx_it.o
    0x08001ba0   0x08001ba0   0x00000002   Code   RO         3194    i.SystemInit        system_stm32f1xx.o
    0x08001ba2   0x08001ba2   0x00000002   PAD
    0x08001ba4   0x08001ba4   0x00000078   Code   RO          624    i.TIM_Base_SetConfig  stm32f1xx_hal_tim.o
    0x08001c1c   0x08001c1c   0x0000001a   Code   RO          625    i.TIM_CCxChannelCmd  stm32f1xx_hal_tim.o
    0x08001c36   0x08001c36   0x00000002   PAD
    0x08001c38   0x08001c38   0x00000058   Code   RO          631    i.TIM_OC2_SetConfig  stm32f1xx_hal_tim.o
    0x08001c90   0x08001c90   0x00000090   Code   RO         2813    i.UART_Start_Receive_DMA  stm32f1xx_hal_uart.o
    0x08001d20   0x08001d20   0x0000000c   Code   RO          343    i.USART1_IRQHandler  stm32f1xx_it.o
    0x08001d2c   0x08001d2c   0x00000002   Code   RO          344    i.UsageFault_Handler  stm32f1xx_it.o
    0x08001d2e   0x08001d2e   0x00000002   PAD
    0x08001d30   0x08001d30   0x0000002c   Code   RO          464    i._Z14Servo_SetAngleh  servo.o
    0x08001d5c   0x08001d5c   0x0000005e   Code   RO           16    i._Z18SystemClock_Configv  main.o
    0x08001dba   0x08001dba   0x0000002a   Code   RO         2103    i._ZN41_INTERNAL_19_stm32f1xx_hal_dma_c_c25f65ec13DMA_SetConfigEP19__DMA_HandleTypeDefjjj  stm32f1xx_hal_dma.o
    0x08001de4   0x08001de4   0x00000050   Code   RO          633    i._ZN41_INTERNAL_19_stm32f1xx_hal_tim_c_a9d95b5217TIM_OC1_SetConfigEP11TIM_TypeDefPK18TIM_OC_InitTypeDef  stm32f1xx_hal_tim.o
    0x08001e34   0x08001e34   0x00000058   Code   RO          634    i._ZN41_INTERNAL_19_stm32f1xx_hal_tim_c_a9d95b5217TIM_OC3_SetConfigEP11TIM_TypeDefPK18TIM_OC_InitTypeDef  stm32f1xx_hal_tim.o
    0x08001e8c   0x08001e8c   0x00000044   Code   RO          635    i._ZN41_INTERNAL_19_stm32f1xx_hal_tim_c_a9d95b5217TIM_OC4_SetConfigEP11TIM_TypeDefPK18TIM_OC_InitTypeDef  stm32f1xx_hal_tim.o
    0x08001ed0   0x08001ed0   0x0000004a   Code   RO         2815    i._ZN42_INTERNAL_20_stm32f1xx_hal_uart_c_d497114f13UART_DMAErrorEP19__DMA_HandleTypeDef  stm32f1xx_hal_uart.o
    0x08001f1a   0x08001f1a   0x00000002   PAD
    0x08001f1c   0x08001f1c   0x000000b8   Code   RO         2816    i._ZN42_INTERNAL_20_stm32f1xx_hal_uart_c_d497114f14UART_SetConfigEP20__UART_HandleTypeDef  stm32f1xx_hal_uart.o
    0x08001fd4   0x08001fd4   0x000000c2   Code   RO         2817    i._ZN42_INTERNAL_20_stm32f1xx_hal_uart_c_d497114f15UART_Receive_ITEP20__UART_HandleTypeDef  stm32f1xx_hal_uart.o
    0x08002096   0x08002096   0x0000001e   Code   RO         2818    i._ZN42_INTERNAL_20_stm32f1xx_hal_uart_c_d497114f18UART_DMARxHalfCpltEP19__DMA_HandleTypeDef  stm32f1xx_hal_uart.o
    0x080020b4   0x080020b4   0x0000000a   Code   RO         2819    i._ZN42_INTERNAL_20_stm32f1xx_hal_uart_c_d497114f18UART_DMATxHalfCpltEP19__DMA_HandleTypeDef  stm32f1xx_hal_uart.o
    0x080020be   0x080020be   0x0000004e   Code   RO         2820    i._ZN42_INTERNAL_20_stm32f1xx_hal_uart_c_d497114f18UART_EndRxTransferEP20__UART_HandleTypeDef  stm32f1xx_hal_uart.o
    0x0800210c   0x0800210c   0x0000001c   Code   RO         2821    i._ZN42_INTERNAL_20_stm32f1xx_hal_uart_c_d497114f18UART_EndTxTransferEP20__UART_HandleTypeDef  stm32f1xx_hal_uart.o
    0x08002128   0x08002128   0x00000086   Code   RO         2822    i._ZN42_INTERNAL_20_stm32f1xx_hal_uart_c_d497114f19UART_DMAReceiveCpltEP19__DMA_HandleTypeDef  stm32f1xx_hal_uart.o
    0x080021ae   0x080021ae   0x00000010   Code   RO         2823    i._ZN42_INTERNAL_20_stm32f1xx_hal_uart_c_d497114f20UART_DMAAbortOnErrorEP19__DMA_HandleTypeDef  stm32f1xx_hal_uart.o
    0x080021be   0x080021be   0x00000042   Code   RO         2824    i._ZN42_INTERNAL_20_stm32f1xx_hal_uart_c_d497114f20UART_DMATransmitCpltEP19__DMA_HandleTypeDef  stm32f1xx_hal_uart.o
    0x08002200   0x08002200   0x00000072   Code   RO         2829    i._ZN42_INTERNAL_20_stm32f1xx_hal_uart_c_d497114f27UART_WaitOnFlagUntilTimeoutEP20__UART_HandleTypeDefj10FlagStatusjj  stm32f1xx_hal_uart.o
    0x08002272   0x08002272   0x00000020   Code   RO         2214    i._ZN44_INTERNAL_22_stm32f1xx_hal_cortex_c_2992dbc018__NVIC_SetPriorityE9IRQn_Typej  stm32f1xx_hal_cortex.o
    0x08002292   0x08002292   0x00000002   PAD
    0x08002294   0x08002294   0x00000070   Code   RO           17    i.main              main.o
    0x08002304   0x08002304   0x0000002c   Code   RO         3321    locale$$code        c_w.l(lc_ctype_c.o)
    0x08002330   0x08002330   0x00000012   Data   RO         1888    .constdata          stm32f1xx_hal_rcc.o
    0x08002342   0x08002342   0x00000010   Data   RO         3197    .constdata          system_stm32f1xx.o
    0x08002352   0x08002352   0x00000008   Data   RO         3198    .constdata          system_stm32f1xx.o
    0x0800235a   0x0800235a   0x00000002   PAD
    0x0800235c   0x0800235c   0x00000020   Data   RO         3456    Region$$Table       anon$$obj.o
    0x0800237c   0x0800237c   0x00000110   Data   RO         3320    locale$$data        c_w.l(lc_ctype_c.o)


    Execution Region RW_IRAM1 (Exec base: 0x20000000, Load base: 0x0800248c, Size: 0x000007a8, Max: 0x00005000, ABSOLUTE)

    Exec Addr    Load Addr    Size         Type   Attr      Idx    E Section Name        Object

    0x20000000   0x0800248c   0x00000009   Data   RW           25    .data               main.o
    0x20000009   0x08002495   0x00000003   PAD
    0x2000000c   0x08002498   0x0000000c   Data   RW         1711    .data               stm32f1xx_hal.o
    0x20000018   0x080024a4   0x00000004   Data   RW         3199    .data               system_stm32f1xx.o
    0x2000001c        -       0x00000014   Zero   RW           24    .bss                main.o
    0x20000030        -       0x00000048   Zero   RW          244    .bss                tim.o
    0x20000078        -       0x000000d0   Zero   RW          294    .bss                usart.o
    0x20000148        -       0x00000060   Zero   RW         3288    .bss                c_w.l(libspace.o)
    0x200001a8        -       0x00000200   Zero   RW            2    HEAP                startup_stm32f103xb.o
    0x200003a8        -       0x00000400   Zero   RW            1    STACK               startup_stm32f103xb.o


==============================================================================

Image component sizes


      Code (inc. data)   RO Data    RW Data    ZI Data      Debug   Object Name

        60          4          0          0          0        766   dma.o
       112          8          0          0          0        919   gpio.o
       410         86          0          9         20     428894   main.o
        44          8          0          0          0        449   servo.o
        64         26        236          0       1536        788   startup_stm32f103xb.o
       164         28          0         12          0       5773   stm32f1xx_hal.o
       198         14          0          0          0      28519   stm32f1xx_hal_cortex.o
       808         36          0          0          0       4470   stm32f1xx_hal_dma.o
       490         34          0          0          0       2548   stm32f1xx_hal_gpio.o
        60          8          0          0          0        878   stm32f1xx_hal_msp.o
      1240         82         18          0          0       4808   stm32f1xx_hal_rcc.o
       920         44          0          0          0       7298   stm32f1xx_hal_tim.o
       104         12          0          0          0       1304   stm32f1xx_hal_tim_ex.o
      2108         38          0          0          0      14492   stm32f1xx_hal_uart.o
        56         18          0          0          0       5072   stm32f1xx_it.o
         2          0         24          4          0       1111   system_stm32f1xx.o
       224         22          0          0         72       2143   tim.o
       276         30          0          0        208       1812   usart.o

    ----------------------------------------------------------------------
      7358        498        312         28       1836     512044   Object Totals
         0          0         32          0          0          0   (incl. Generated)
        18          0          2          3          0          0   (incl. Padding)

    ----------------------------------------------------------------------

      Code (inc. data)   RO Data    RW Data    ZI Data      Debug   Library Member Name

        44          6          0          0          0         84   __2sprintf.o
         8          0          0          0          0         68   __main.o
       104          0          0          0          0         84   __printf.o
         0          0          0          0          0          0   __rtentry.o
        12          0          0          0          0          0   __rtentry2.o
         6          0          0          0          0          0   __rtentry4.o
        52          8          0          0          0          0   __scatter.o
        26          0          0          0          0          0   __scatter_copy.o
        28          0          0          0          0          0   __scatter_zi.o
        28          0          0          0          0         68   _chval.o
        48          6          0          0          0         96   _printf_char_common.o
         6          0          0          0          0          0   _printf_d.o
       120         16          0          0          0         92   _printf_dec.o
       178          0          0          0          0         88   _printf_intcommon.o
         0          0          0          0          0          0   _printf_percent.o
         4          0          0          0          0          0   _printf_percent_end.o
        10          0          0          0          0         68   _sputc.o
       158          0          0          0          0         92   _strtoul.o
        26          0          0          0          0         80   atoi.o
        12          0          0          0          0         72   exit.o
         6          0          0          0          0        152   heapauxi.o
         0          0          0          0          0          0   indicate_semi.o
        44         10        272          0          0         76   lc_ctype_c.o
         2          0          0          0          0          0   libinit.o
        20          0          0          0          0          0   libinit2.o
         2          0          0          0          0          0   libshutdown.o
         2          0          0          0          0          0   libshutdown2.o
         8          4          0          0         96         68   libspace.o
        16          4          0          0          0         76   rt_ctype_table.o
         8          4          0          0          0         68   rt_errno_addr_intlibspace.o
         8          4          0          0          0         68   rt_locale_intlibspace.o
        78          0          0          0          0         80   rt_memclr_w.o
         2          0          0          0          0          0   rtexit.o
        10          0          0          0          0          0   rtexit2.o
       128          0          0          0          0         68   strcmpv7m.o
       112          0          0          0          0         88   strtol.o
        12          4          0          0          0         68   sys_exit.o
        74          0          0          0          0         80   sys_stackheap_outer.o
         2          0          0          0          0         68   use_no_semi.o

    ----------------------------------------------------------------------
      1414         66        272          0         96       1852   Library Totals
        10          0          0          0          0          0   (incl. Padding)

    ----------------------------------------------------------------------

      Code (inc. data)   RO Data    RW Data    ZI Data      Debug   Library Name

      1404         66        272          0         96       1852   c_w.l

    ----------------------------------------------------------------------
      1414         66        272          0         96       1852   Library Totals

    ----------------------------------------------------------------------

==============================================================================


      Code (inc. data)   RO Data    RW Data    ZI Data      Debug   

      8772        564        584         28       1932     508952   Grand Totals
      8772        564        584         28       1932     508952   ELF Image Totals
      8772        564        584         28          0          0   ROM Totals

==============================================================================

    Total RO  Size (Code + RO Data)                 9356 (   9.14kB)
    Total RW  Size (RW Data + ZI Data)              1960 (   1.91kB)
    Total ROM Size (Code + RO Data + RW Data)       9384 (   9.16kB)

==============================================================================

